Archive member included to satisfy reference by file (symbol)

c:/users/tanda/onedrive/desktop/waijung18_11a/waijung_18.11a/utils/gnu_tools_arm_embedded/bin/../lib/gcc/arm-none-eabi/7.2.1/thumb/v7e-m/fpv4-sp/hard\libgcc.a(_arm_addsubdf3.o)
                              CodeMATLAB.o (__aeabi_dsub)
c:/users/tanda/onedrive/desktop/waijung18_11a/waijung_18.11a/utils/gnu_tools_arm_embedded/bin/../lib/gcc/arm-none-eabi/7.2.1/thumb/v7e-m/fpv4-sp/hard\libgcc.a(_arm_muldivdf3.o)
                              CodeMATLAB.o (__aeabi_dmul)
c:/users/tanda/onedrive/desktop/waijung18_11a/waijung_18.11a/utils/gnu_tools_arm_embedded/bin/../lib/gcc/arm-none-eabi/7.2.1/thumb/v7e-m/fpv4-sp/hard\libgcc.a(_arm_cmpdf2.o)
                              CodeMATLAB.o (__aeabi_dcmplt)
c:/users/tanda/onedrive/desktop/waijung18_11a/waijung_18.11a/utils/gnu_tools_arm_embedded/bin/../lib/gcc/arm-none-eabi/7.2.1/thumb/v7e-m/fpv4-sp/hard\libgcc.a(_arm_fixunsdfsi.o)
                              CodeMATLAB.o (__aeabi_d2uiz)
c:/users/tanda/onedrive/desktop/waijung18_11a/waijung_18.11a/utils/gnu_tools_arm_embedded/bin/../lib/gcc/arm-none-eabi/7.2.1/thumb/v7e-m/fpv4-sp/hard\libgcc.a(_arm_truncdfsf2.o)
                              CodeMATLAB.o (__aeabi_d2f)
c:/users/tanda/onedrive/desktop/waijung18_11a/waijung_18.11a/utils/gnu_tools_arm_embedded/bin/../lib/gcc/arm-none-eabi/7.2.1/../../../../arm-none-eabi/lib/thumb/v7e-m/fpv4-sp/hard\libg.a(lib_a-memcpy.o)
                              waijung_hwdrvlib.o (memcpy)
c:/users/tanda/onedrive/desktop/waijung18_11a/waijung_18.11a/utils/gnu_tools_arm_embedded/bin/../lib/gcc/arm-none-eabi/7.2.1/../../../../arm-none-eabi/lib/thumb/v7e-m/fpv4-sp/hard\libg.a(lib_a-reent.o)
                              syscalls.o (errno)
c:/users/tanda/onedrive/desktop/waijung18_11a/waijung_18.11a/utils/gnu_tools_arm_embedded/bin/../lib/gcc/arm-none-eabi/7.2.1/../../../../arm-none-eabi/lib/thumb/v7e-m/fpv4-sp/hard\libg.a(lib_a-sprintf.o)
                              CodeMATLAB.o (sprintf)
c:/users/tanda/onedrive/desktop/waijung18_11a/waijung_18.11a/utils/gnu_tools_arm_embedded/bin/../lib/gcc/arm-none-eabi/7.2.1/../../../../arm-none-eabi/lib/thumb/v7e-m/fpv4-sp/hard\libg.a(lib_a-sscanf.o)
                              waijung_hwdrvlib.o (sscanf)
c:/users/tanda/onedrive/desktop/waijung18_11a/waijung_18.11a/utils/gnu_tools_arm_embedded/bin/../lib/gcc/arm-none-eabi/7.2.1/../../../../arm-none-eabi/lib/thumb/v7e-m/fpv4-sp/hard\libg.a(lib_a-stdio.o)
                              c:/users/tanda/onedrive/desktop/waijung18_11a/waijung_18.11a/utils/gnu_tools_arm_embedded/bin/../lib/gcc/arm-none-eabi/7.2.1/../../../../arm-none-eabi/lib/thumb/v7e-m/fpv4-sp/hard\libg.a(lib_a-sscanf.o) (__seofread)
c:/users/tanda/onedrive/desktop/waijung18_11a/waijung_18.11a/utils/gnu_tools_arm_embedded/bin/../lib/gcc/arm-none-eabi/7.2.1/../../../../arm-none-eabi/lib/thumb/v7e-m/fpv4-sp/hard\libg.a(lib_a-strlen.o)
                              CodeMATLAB.o (strlen)
c:/users/tanda/onedrive/desktop/waijung18_11a/waijung_18.11a/utils/gnu_tools_arm_embedded/bin/../lib/gcc/arm-none-eabi/7.2.1/../../../../arm-none-eabi/lib/thumb/v7e-m/fpv4-sp/hard\libg.a(lib_a-strncmp.o)
                              waijung_hwdrvlib.o (strncmp)
c:/users/tanda/onedrive/desktop/waijung18_11a/waijung_18.11a/utils/gnu_tools_arm_embedded/bin/../lib/gcc/arm-none-eabi/7.2.1/../../../../arm-none-eabi/lib/thumb/v7e-m/fpv4-sp/hard\libg.a(lib_a-svfprintf.o)
                              c:/users/tanda/onedrive/desktop/waijung18_11a/waijung_18.11a/utils/gnu_tools_arm_embedded/bin/../lib/gcc/arm-none-eabi/7.2.1/../../../../arm-none-eabi/lib/thumb/v7e-m/fpv4-sp/hard\libg.a(lib_a-sprintf.o) (_svfprintf_r)
c:/users/tanda/onedrive/desktop/waijung18_11a/waijung_18.11a/utils/gnu_tools_arm_embedded/bin/../lib/gcc/arm-none-eabi/7.2.1/../../../../arm-none-eabi/lib/thumb/v7e-m/fpv4-sp/hard\libg.a(lib_a-svfscanf.o)
                              c:/users/tanda/onedrive/desktop/waijung18_11a/waijung_18.11a/utils/gnu_tools_arm_embedded/bin/../lib/gcc/arm-none-eabi/7.2.1/../../../../arm-none-eabi/lib/thumb/v7e-m/fpv4-sp/hard\libg.a(lib_a-sscanf.o) (__ssvfscanf_r)
c:/users/tanda/onedrive/desktop/waijung18_11a/waijung_18.11a/utils/gnu_tools_arm_embedded/bin/../lib/gcc/arm-none-eabi/7.2.1/../../../../arm-none-eabi/lib/thumb/v7e-m/fpv4-sp/hard\libg.a(lib_a-writer.o)
                              c:/users/tanda/onedrive/desktop/waijung18_11a/waijung_18.11a/utils/gnu_tools_arm_embedded/bin/../lib/gcc/arm-none-eabi/7.2.1/../../../../arm-none-eabi/lib/thumb/v7e-m/fpv4-sp/hard\libg.a(lib_a-stdio.o) (_write_r)
c:/users/tanda/onedrive/desktop/waijung18_11a/waijung_18.11a/utils/gnu_tools_arm_embedded/bin/../lib/gcc/arm-none-eabi/7.2.1/../../../../arm-none-eabi/lib/thumb/v7e-m/fpv4-sp/hard\libg.a(lib_a-closer.o)
[...]
Memory Configuration

Name             Origin             Length             Attributes
FLASH            0x08000000         0x00100000         xr
RAM              0x20000000         0x00020000         xrw
AUX_RAM          0x2001c000         0x00004000         xrw
CCM_RAM          0x10000000         0x00010000         rw
BKP_RAM          0x40024000         0x00001000         xrw
*default*        0x00000000         0xffffffff

Linker script and memory map

LOAD startup_stm32f4xx.o
LOAD stm32f4xx_syscfg.o
LOAD stm32f4xx_it.o
LOAD CodeMATLAB_data.o
LOAD stm32f4xx_pwr.o
LOAD stm32f4xx_rcc.o
LOAD stm32f4xx_usart.o
LOAD CodeMATLAB.o
LOAD syscalls.o
LOAD main.o
LOAD waijung_hwdrvlib.o
LOAD misc.o
LOAD stm32f4xx_dma.o
LOAD stm32f4xx_tim.o
LOAD system_stm32f4xx.o
LOAD stm32f4xx_wwdg.o
LOAD stm32f4xx_gpio.o
LOAD c:/users/tanda/onedrive/desktop/waijung18_11a/waijung_18.11a/utils/gnu_tools_arm_embedded/bin/../lib/gcc/arm-none-eabi/7.2.1/../../../../arm-none-eabi/lib/thumb/v7e-m/fpv4-sp/hard\libstdc++.a
LOAD c:/users/tanda/onedrive/desktop/waijung18_11a/waijung_18.11a/utils/gnu_tools_arm_embedded/bin/../lib/gcc/arm-none-eabi/7.2.1/../../../../arm-none-eabi/lib/thumb/v7e-m/fpv4-sp/hard\libm.a
START GROUP
LOAD c:/users/tanda/onedrive/desktop/waijung18_11a/waijung_18.11a/utils/gnu_tools_arm_embedded/bin/../lib/gcc/arm-none-eabi/7.2.1/thumb/v7e-m/fpv4-sp/hard\libgcc.a
LOAD c:/users/tanda/onedrive/desktop/waijung18_11a/waijung_18.11a/utils/gnu_tools_arm_embedded/bin/../lib/gcc/arm-none-eabi/7.2.1/../../../../arm-none-eabi/lib/thumb/v7e-m/fpv4-sp/hard\libg.a
LOAD c:/users/tanda/onedrive/desktop/waijung18_11a/waijung_18.11a/utils/gnu_tools_arm_embedded/bin/../lib/gcc/arm-none-eabi/7.2.1/../../../../arm-none-eabi/lib/thumb/v7e-m/fpv4-sp/hard\libc.a
END GROUP
START GROUP
LOAD c:/users/tanda/onedrive/desktop/waijung18_11a/waijung_18.11a/utils/gnu_tools_arm_embedded/bin/../lib/gcc/arm-none-eabi/7.2.1/thumb/v7e-m/fpv4-sp/hard\libgcc.a
LOAD c:/users/tanda/onedrive/desktop/waijung18_11a/waijung_18.11a/utils/gnu_tools_arm_embedded/bin/../lib/gcc/arm-none-eabi/7.2.1/../../../../arm-none-eabi/lib/thumb/v7e-m/fpv4-sp/hard\libc.a
LOAD c:/users/tanda/onedrive/desktop/waijung18_11a/waijung_18.11a/utils/gnu_tools_arm_embedded/bin/../lib/gcc/arm-none-eabi/7.2.1/../../../../arm-none-eabi/lib/thumb/v7e-m/fpv4-sp/hard\libnosys.a
END GROUP

.text           0x08000000     0xda68
 *(.isr_vector)
 .isr_vector    0x08000000      0x188 startup_stm32f4xx.o
                0x08000000                __isr_vector
 *(.text*)
 .text          0x08000188      0x104 startup_stm32f4xx.o
                0x08000188                Reset_Handler
                0x080001e6                WWDG_IRQHandler
                0x080001e8                PVD_IRQHandler
                0x080001ea                TAMP_STAMP_IRQHandler
                0x080001ec                RTC_WKUP_IRQHandler
                0x080001ee                FLASH_IRQHandler
                0x080001f0                RCC_IRQHandler
                0x080001f2                EXTI0_IRQHandler
                0x080001f4                EXTI1_IRQHandler
                0x080001f6                EXTI2_IRQHandler
                0x080001f8                EXTI3_IRQHandler
                0x080001fa                EXTI4_IRQHandler
                0x080001fc                DMA1_Stream0_IRQHandler
                0x080001fe                DMA1_Stream1_IRQHandler
                0x08000200                DMA1_Stream2_IRQHandler
                0x08000202                DMA1_Stream3_IRQHandler
                0x08000204                DMA1_Stream4_IRQHandler
                0x08000206                DMA1_Stream5_IRQHandler
                0x08000208                DMA1_Stream6_IRQHandler
                0x0800020a                ADC_IRQHandler
                0x0800020c                CAN1_TX_IRQHandler
                0x0800020e                CAN1_RX0_IRQHandler
                0x08000210                CAN1_RX1_IRQHandler
                0x08000212                CAN1_SCE_IRQHandler
                0x08000214                EXTI9_5_IRQHandler
                0x08000218                TIM1_UP_TIM10_IRQHandler
                0x0800021a                TIM1_TRG_COM_TIM11_IRQHandler
                0x0800021c                TIM1_CC_IRQHandler
                0x0800021e                TIM2_IRQHandler
                0x08000220                TIM3_IRQHandler
                0x08000222                TIM4_IRQHandler
                0x08000224                I2C1_EV_IRQHandler
                0x08000226                I2C1_ER_IRQHandler
                0x08000228                I2C2_EV_IRQHandler
                0x0800022a                I2C2_ER_IRQHandler
                0x0800022c                SPI1_IRQHandler
                0x0800022e                SPI2_IRQHandler
                0x08000230                USART1_IRQHandler
                0x08000232                USART2_IRQHandler
                0x08000234                USART3_IRQHandler
                0x08000236                EXTI15_10_IRQHandler
                0x08000238                RTC_Alarm_IRQHandler
                0x0800023a                OTG_FS_WKUP_IRQHandler
                0x0800023c                TIM8_BRK_TIM12_IRQHandler
                0x0800023e                TIM8_UP_TIM13_IRQHandler
                0x08000240                TIM8_TRG_COM_TIM14_IRQHandler
                0x08000242                TIM8_CC_IRQHandler
                0x08000244                DMA1_Stream7_IRQHandler
                0x08000246                FSMC_IRQHandler
                0x08000248                SDIO_IRQHandler
                0x0800024a                TIM5_IRQHandler
                0x0800024c                SPI3_IRQHandler
                0x0800024e                UART4_IRQHandler
                0x08000250                UART5_IRQHandler
                0x08000252                TIM6_DAC_IRQHandler
                0x08000254                TIM7_IRQHandler
                0x08000256                DMA2_Stream0_IRQHandler
                0x08000258                DMA2_Stream1_IRQHandler
                0x0800025a                DMA2_Stream2_IRQHandler
                0x0800025c                DMA2_Stream3_IRQHandler
                0x0800025e                DMA2_Stream4_IRQHandler
                0x08000260                ETH_IRQHandler
                0x08000262                ETH_WKUP_IRQHandler
                0x08000264                CAN2_TX_IRQHandler
                0x08000266                CAN2_RX0_IRQHandler
                0x08000268                CAN2_RX1_IRQHandler
                0x0800026a                CAN2_SCE_IRQHandler
                0x0800026c                OTG_FS_IRQHandler
                0x0800026e                DMA2_Stream5_IRQHandler
                0x08000270                DMA2_Stream6_IRQHandler
                0x08000272                DMA2_Stream7_IRQHandler
                0x08000274                USART6_IRQHandler
                0x08000276                I2C3_EV_IRQHandler
                0x08000278                I2C3_ER_IRQHandler
                0x0800027a                OTG_HS_EP1_OUT_IRQHandler
                0x0800027c                OTG_HS_EP1_IN_IRQHandler
                0x0800027e                OTG_HS_WKUP_IRQHandler
                0x08000280                OTG_HS_IRQHandler
                0x08000282                DCMI_IRQHandler
                0x08000284                CRYP_IRQHandler
                0x08000286                HASH_RNG_IRQHandler
                0x08000288                FPU_IRQHandler
 .text          0x0800028c       0x8c stm32f4xx_syscfg.o
                0x0800028c                SYSCFG_DeInit
                0x080002a8                SYSCFG_MemoryRemapConfig
                0x080002b4                SYSCFG_MemorySwappingBank
                0x080002c0                SYSCFG_EXTILineConfig
                0x080002f0                SYSCFG_ETH_MediaInterfaceConfig
                0x080002fc                SYSCFG_CompensationCellCmd
                0x08000308                SYSCFG_GetCompensationCellStatus
 .text          0x08000318       0x50 stm32f4xx_it.o
                0x08000318                NMI_Handler
                0x0800031c                HardFault_Handler
                0x08000334                MemManage_Handler
                0x08000338                BusFault_Handler
                0x08000340                UsageFault_Handler
                0x08000344                SVC_Handler
                0x08000348                DebugMon_Handler
                0x0800034c                PendSV_Handler
                0x08000350                TIM1_BRK_TIM9_IRQHandler
 .text          0x08000368        0x0 CodeMATLAB_data.o
 .text          0x08000368      0x178 stm32f4xx_pwr.o
                0x08000368                PWR_DeInit
                0x08000384                PWR_BackupAccessCmd
                0x08000390                PWR_PVDLevelConfig
                0x080003a4                PWR_PVDCmd
                0x080003b0                PWR_WakeUpPinCmd
                0x080003bc                PWR_BackupRegulatorCmd
                0x080003c8                PWR_MainRegulatorModeConfig
                0x080003dc                PWR_OverDriveCmd
                0x080003e8                PWR_OverDriveSWCmd
                0x080003f4                PWR_UnderDriveCmd
                0x08000410                PWR_FlashPowerDownCmd
                0x0800041c                PWR_EnterSTOPMode
                0x0800045c                PWR_EnterUnderDriveSTOPMode
                0x0800049c                PWR_EnterSTANDBYMode
                0x080004bc                PWR_GetFlagStatus
                0x080004d0                PWR_ClearFlag
 .text          0x080004e0      0x54c stm32f4xx_rcc.o
                0x080004e0                RCC_DeInit
                0x08000530                RCC_HSEConfig
                0x08000540                RCC_WaitForHSEStartUp
                0x08000570                RCC_AdjustHSICalibrationValue
                0x08000584                RCC_HSICmd
                0x08000590                RCC_LSEConfig
                0x080005b0                RCC_LSICmd
                0x080005bc                RCC_PLLConfig
                0x080005e0                RCC_PLLCmd
                0x080005ec                RCC_PLLI2SConfig
                0x08000600                RCC_PLLI2SCmd
                0x0800060c                RCC_PLLSAIConfig
                0x08000624                RCC_PLLSAICmd
                0x08000630                RCC_ClockSecuritySystemCmd
                0x0800063c                RCC_MCO1Config
                0x08000650                RCC_MCO2Config
                0x08000664                RCC_SYSCLKConfig
                0x08000678                RCC_GetSYSCLKSource
                0x08000688                RCC_HCLKConfig
                0x0800069c                RCC_PCLK1Config
                0x080006b0                RCC_PCLK2Config
                0x080006c4                RCC_GetClocksFreq
                0x08000754                RCC_RTCCLKConfig
                0x08000784                RCC_RTCCLKCmd
                0x08000790                RCC_BackupResetCmd
                0x0800079c                RCC_I2SCLKConfig
                0x080007a8                RCC_SAIBlockACLKConfig
                0x080007c0                RCC_SAIBlockBCLKConfig
                0x080007d8                RCC_SAIPLLI2SClkDivConfig
                0x080007f0                RCC_SAIPLLSAIClkDivConfig
                0x0800080c                RCC_LTDCCLKDivConfig
                0x08000824                RCC_TIMCLKPresConfig
                0x08000830                RCC_AHB1PeriphClockCmd
                0x08000848                RCC_AHB2PeriphClockCmd
                0x08000860                RCC_AHB3PeriphClockCmd
                0x08000878                RCC_APB1PeriphClockCmd
                0x08000890                RCC_APB2PeriphClockCmd
                0x080008a8                RCC_AHB1PeriphResetCmd
                0x080008c0                RCC_AHB2PeriphResetCmd
                0x080008d8                RCC_AHB3PeriphResetCmd
                0x080008f0                RCC_APB1PeriphResetCmd
                0x08000908                RCC_APB2PeriphResetCmd
                0x08000920                RCC_AHB1PeriphClockLPModeCmd
                0x08000938                RCC_AHB2PeriphClockLPModeCmd
                0x08000950                RCC_AHB3PeriphClockLPModeCmd
                0x08000968                RCC_APB1PeriphClockLPModeCmd
                0x08000980                RCC_APB2PeriphClockLPModeCmd
                0x08000998                RCC_LSEModeConfig
                0x080009b0                RCC_ITConfig
                0x080009c8                RCC_GetFlagStatus
                0x080009fc                RCC_ClearFlag
                0x08000a0c                RCC_GetITStatus
                0x08000a20                RCC_ClearITPendingBit
 .text          0x08000a2c      0x424 stm32f4xx_usart.o
                0x08000a2c                USART_DeInit
                0x08000b38                USART_Init
                0x08000bf8                USART_StructInit
                0x08000c0c                USART_ClockInit
                0x08000c2c                USART_ClockStructInit
                0x08000c34                USART_Cmd
                0x08000c4c                USART_SetPrescaler
                0x08000c5c                USART_OverSampling8Cmd
                0x08000c70                USART_OneBitMethodCmd
                0x08000c88                USART_SendData
                0x08000c90                USART_ReceiveData
                0x08000c98                USART_SetAddress
                0x08000cac                USART_ReceiverWakeUpCmd
                0x08000cc4                USART_WakeUpConfig
                0x08000cd8                USART_LINBreakDetectLengthConfig
                0x08000cec                USART_LINCmd
                0x08000d04                USART_SendBreak
                0x08000d10                USART_HalfDuplexCmd
                0x08000d28                USART_SetGuardTime
                0x08000d38                USART_SmartCardCmd
                0x08000d50                USART_SmartCardNACKCmd
                0x08000d68                USART_IrDAConfig
                0x08000d7c                USART_IrDACmd
                0x08000d94                USART_DMACmd
                0x08000da8                USART_ITConfig
                0x08000de4                USART_GetFlagStatus
                0x08000df0                USART_ClearFlag
                0x08000df8                USART_GetITStatus
                0x08000e40                USART_ClearITPendingBit
 .text          0x08000e50      0x4b8 CodeMATLAB.o
                0x08000e50                SubsystemTimerTimeBaseIRQ_irq
                0x08000f28                CodeMATLAB_step
                0x080012cc                CodeMATLAB_initialize
                0x08001304                CodeMATLAB_terminate
 .text          0x08001308       0xd0 syscalls.o
                0x08001308                _exit
                0x0800130c                _close
                0x08001314                _execve
                0x08001324                _fork
                0x08001334                _fstat
                0x08001340                _getpid
                0x08001344                _isatty
                0x08001348                _kill
                0x08001358                _link
                0x08001368                _lseek
                0x0800136c                _sbrk
                0x080013a4                _read
                0x080013a8                _stat
                0x080013b4                _unlink
                0x080013c4                _wait
                0x080013d4                _write
 .text          0x080013d8       0x20 main.o
                0x080013d8                rt_OneStep
                0x080013e8                SysTick_Handler
 .text.startup  0x080013f8       0x48 main.o
                0x080013f8                main
 .text          0x08001440      0xd68 waijung_hwdrvlib.o
                0x08001570                enable_SubsystemDocencoderEncoderRead
                0x08001628                disable_SubsystemDocencoderEncoderRead
                0x08001634                terminate_SubsystemDocencoderEncoderRead
                0x08001640                Subsystem3SubsystemSystemReset_Exec
                0x08001658                enable_SubsystemTimerTimeBaseIRQ
                0x080016b0                disable_SubsystemTimerTimeBaseIRQ
                0x080016d0                enable_Subsystem1UARTRx
                0x080016e0                enable_Subsystem1UARTTx1
                0x080016f0                enable_Subsystem2XuattinhieuBasicPWM
                0x08001784                disable_Subsystem2XuattinhieuBasicPWM
                0x08001790                terminate_Subsystem2XuattinhieuBasicPWM
                0x0800179c                enable_Subsystem2XuattinhieuDigitalOutput
                0x080017c4                enable_Subsystem3DigitalInput
                0x080017f8                UART6_RestoreBytes
                0x08001828                UART6_Read
                0x08001894                UART6_ReadEx
                0x0800198c                UART6_ReadLine
                0x08001b94                Subsystem1UARTRx_Receive
                0x08001be4                UART6_ReadBinary
                0x08001e78                UART6_FlushTxBuffer
                0x08001ed4                UART6_Write
                0x08001f80                UART6_TxUpdate
                0x08002018                waijung_usart6_initial
                0x08002028                enable_Subsystem4UARTSetup1
                0x08002038                SysTimer_Start
                0x08002060                SysTimer_IsTimeout
                0x08002080                SysTimer_uS_Start
                0x080020a4                SysTimer_uS_IsTimeout
                0x08002110                SysTimer_delay_us
                0x08002160                SysTimer_delay_ms
 .text          0x080021a8       0xb4 misc.o
                0x080021a8                NVIC_PriorityGroupConfig
                0x080021bc                NVIC_Init
                0x08002218                NVIC_SetVectorTable
                0x0800222c                NVIC_SystemLPConfig
                0x08002244                SysTick_CLKSourceConfig
 .text          0x0800225c      0x370 stm32f4xx_dma.o
                0x0800225c                DMA_DeInit
                0x08002388                DMA_Init
                0x080023e0                DMA_StructInit
                0x08002404                DMA_Cmd
                0x08002418                DMA_PeriphIncOffsetSizeConfig
                0x0800242c                DMA_FlowControllerConfig
                0x08002440                DMA_SetCurrDataCounter
                0x08002444                DMA_GetCurrDataCounter
                0x0800244c                DMA_DoubleBufferModeConfig
                0x08002464                DMA_DoubleBufferModeCmd
                0x08002478                DMA_MemoryTargetConfig
                0x08002484                DMA_GetCurrentMemoryTarget
                0x0800248c                DMA_GetCmdStatus
                0x08002494                DMA_GetFIFOStatus
                0x0800249c                DMA_GetFlagStatus
                0x080024d8                DMA_ClearFlag
                0x08002508                DMA_ITConfig
                0x08002548                DMA_GetITStatus
                0x0800259c                DMA_ClearITPendingBit
 .text          0x080025cc      0xd14 stm32f4xx_tim.o
                0x080025cc                TIM_DeInit
                0x08002784                TIM_TimeBaseInit
                0x08002818                TIM_TimeBaseStructInit
                0x08002828                TIM_PrescalerConfig
                0x08002830                TIM_CounterModeConfig
                0x08002840                TIM_SetCounter
                0x08002844                TIM_SetAutoreload
                0x08002848                TIM_GetCounter
                0x0800284c                TIM_GetPrescaler
                0x08002850                TIM_UpdateDisableConfig
                0x08002868                TIM_UpdateRequestConfig
                0x08002880                TIM_ARRPreloadConfig
                0x08002898                TIM_SelectOnePulseMode
                0x080028ac                TIM_SetClockDivision
                0x080028c0                TIM_Cmd
                0x080028d8                TIM_OC1Init
                0x08002954                TIM_OC2Init
                0x080029dc                TIM_OC3Init
                0x08002a68                TIM_OC4Init
                0x08002ad4                TIM_OCStructInit
                0x08002ae4                TIM_SelectOCxM
                0x08002b34                TIM_SetCompare1
                0x08002b38                TIM_SetCompare2
                0x08002b3c                TIM_SetCompare3
                0x08002b40                TIM_SetCompare4
                0x08002b44                TIM_ForcedOC1Config
                0x08002b54                TIM_ForcedOC2Config
                0x08002b68                TIM_ForcedOC3Config
                0x08002b78                TIM_ForcedOC4Config
                0x08002b8c                TIM_OC1PreloadConfig
                0x08002b9c                TIM_OC2PreloadConfig
                0x08002bb0                TIM_OC3PreloadConfig
                0x08002bc0                TIM_OC4PreloadConfig
                0x08002bd4                TIM_OC1FastConfig
                0x08002be4                TIM_OC2FastConfig
                0x08002bf8                TIM_OC3FastConfig
                0x08002c08                TIM_OC4FastConfig
                0x08002c1c                TIM_ClearOC1Ref
                0x08002c2c                TIM_ClearOC2Ref
                0x08002c3c                TIM_ClearOC3Ref
                0x08002c4c                TIM_ClearOC4Ref
                0x08002c5c                TIM_OC1PolarityConfig
                0x08002c6c                TIM_OC1NPolarityConfig
                0x08002c7c                TIM_OC2PolarityConfig
                0x08002c90                TIM_OC2NPolarityConfig
                0x08002ca4                TIM_OC3PolarityConfig
                0x08002cb8                TIM_OC3NPolarityConfig
                0x08002ccc                TIM_OC4PolarityConfig
                0x08002ce0                TIM_CCxCmd
                0x08002d00                TIM_CCxNCmd
                0x08002d20                TIM_ICInit
                0x08002e5c                TIM_ICStructInit
                0x08002e68                TIM_PWMIConfig
                0x08002fc0                TIM_GetCapture1
                0x08002fc4                TIM_GetCapture2
                0x08002fc8                TIM_GetCapture3
                0x08002fcc                TIM_GetCapture4
                0x08002fd0                TIM_SetIC1Prescaler
                0x08002fe4                TIM_SetIC2Prescaler
                0x08002ffc                TIM_SetIC3Prescaler
                0x08003010                TIM_SetIC4Prescaler
                0x08003028                TIM_BDTRConfig
                0x0800304c                TIM_BDTRStructInit
                0x08003058                TIM_CtrlPWMOutputs
                0x08003074                TIM_SelectCOM
                0x0800308c                TIM_CCPreloadControl
                0x080030a4                TIM_ITConfig
                0x080030b8                TIM_GenerateEvent
                0x080030bc                TIM_GetFlagStatus
                0x080030c8                TIM_ClearFlag
                0x080030d0                TIM_GetITStatus
                0x080030e8                TIM_ClearITPendingBit
                0x080030f0                TIM_DMAConfig
                0x080030f8                TIM_DMACmd
                0x0800310c                TIM_SelectCCDMA
                0x08003124                TIM_InternalClockConfig
                0x08003134                TIM_ITRxExternalClockConfig
                0x0800314c                TIM_TIxExternalClockConfig
                0x080031d8                TIM_ETRClockMode1Config
                0x08003200                TIM_ETRClockMode2Config
                0x08003220                TIM_SelectInputTrigger
                0x08003230                TIM_SelectOutputTrigger
                0x08003244                TIM_SelectSlaveMode
                0x08003258                TIM_SelectMasterSlaveMode
                0x0800326c                TIM_ETRConfig
                0x08003284                TIM_EncoderInterfaceConfig
                0x080032c0                TIM_SelectHallSensor
                0x080032d8                TIM_RemapConfig
 .text          0x080032e0      0x164 system_stm32f4xx.o
                0x080032e0                SystemInit
                0x080033dc                SystemCoreClockUpdate
 .text          0x08003444       0xa0 stm32f4xx_wwdg.o
                0x08003444                WWDG_DeInit
                0x08003460                WWDG_SetPrescaler
                0x08003474                WWDG_SetWindowValue
                0x0800349c                WWDG_EnableIT
                0x080034a8                WWDG_SetCounter
                0x080034b8                WWDG_Enable
                0x080034c8                WWDG_GetFlagStatus
                0x080034d8                WWDG_ClearFlag
 .text          0x080034e4      0x29c stm32f4xx_gpio.o
                0x080034e4                GPIO_DeInit
                0x08003640                GPIO_Init
                0x080036dc                GPIO_StructInit
                0x080036e8                GPIO_PinLockConfig
                0x0800370c                GPIO_ReadInputDataBit
                0x08003718                GPIO_ReadInputData
                0x08003720                GPIO_ReadOutputDataBit
                0x0800372c                GPIO_ReadOutputData
                0x08003734                GPIO_SetBits
                0x08003738                GPIO_ResetBits
                0x0800373c                GPIO_WriteBit
                0x08003748                GPIO_Write
                0x0800374c                GPIO_ToggleBits
                0x08003754                GPIO_PinAFConfig
 .text          0x08003780      0x378 c:/users/tanda/onedrive/desktop/waijung18_11a/waijung_18.11a/utils/gnu_tools_arm_embedded/bin/../lib/gcc/arm-none-eabi/7.2.1/thumb/v7e-m/fpv4-sp/hard\libgcc.a(_arm_addsubdf3.o)
                0x08003780                __aeabi_drsub
                0x08003788                __aeabi_dsub
                0x08003788                __subdf3
                0x0800378c                __aeabi_dadd
                0x0800378c                __adddf3
                0x08003a04                __floatunsidf
                0x08003a04                __aeabi_ui2d
                0x08003a24                __floatsidf
                0x08003a24                __aeabi_i2d
                0x08003a48                __aeabi_f2d
                0x08003a48                __extendsfdf2
                0x08003a8c                __floatundidf
                0x08003a8c                __aeabi_ul2d
                0x08003a9c                __floatdidf
                0x08003a9c                __aeabi_l2d
 .text          0x08003af8      0x424 c:/users/tanda/onedrive/desktop/waijung18_11a/waijung_18.11a/utils/gnu_tools_arm_embedded/bin/../lib/gcc/arm-none-eabi/7.2.1/thumb/v7e-m/fpv4-sp/hard\libgcc.a(_arm_muldivdf3.o)
                0x08003af8                __aeabi_dmul
                0x08003af8                __muldf3
                0x08003d4c                __divdf3
                0x08003d4c                __aeabi_ddiv
 .text          0x08003f1c      0x110 c:/users/tanda/onedrive/desktop/waijung18_11a/waijung_18.11a/utils/gnu_tools_arm_embedded/bin/../lib/gcc/arm-none-eabi/7.2.1/thumb/v7e-m/fpv4-sp/hard\libgcc.a(_arm_cmpdf2.o)
                0x08003f1c                __gtdf2
                0x08003f1c                __gedf2
                0x08003f24                __ltdf2
                0x08003f24                __ledf2
                0x08003f2c                __nedf2
                0x08003f2c                __eqdf2
                0x08003f2c                __cmpdf2
                0x08003fa8                __aeabi_cdrcmple
                0x08003fb8                __aeabi_cdcmpeq
                0x08003fb8                __aeabi_cdcmple
                0x08003fc8                __aeabi_dcmpeq
                0x08003fdc                __aeabi_dcmplt
                0x08003ff0                __aeabi_dcmple
                0x08004004                __aeabi_dcmpge
                0x08004018                __aeabi_dcmpgt
 .text          0x0800402c       0x40 c:/users/tanda/onedrive/desktop/waijung18_11a/waijung_18.11a/utils/gnu_tools_arm_embedded/bin/../lib/gcc/arm-none-eabi/7.2.1/thumb/v7e-m/fpv4-sp/hard\libgcc.a(_arm_fixunsdfsi.o)
                0x0800402c                __aeabi_d2uiz
                0x0800402c                __fixunsdfsi
 .text          0x0800406c       0xa0 c:/users/tanda/onedrive/desktop/waijung18_11a/waijung_18.11a/utils/gnu_tools_arm_embedded/bin/../lib/gcc/arm-none-eabi/7.2.1/thumb/v7e-m/fpv4-sp/hard\libgcc.a(_arm_truncdfsf2.o)
                0x0800406c                __truncdfsf2
                0x0800406c                __aeabi_d2f
 .text          0x0800410c      0x134 c:/users/tanda/onedrive/desktop/waijung18_11a/waijung_18.11a/utils/gnu_tools_arm_embedded/bin/../lib/gcc/arm-none-eabi/7.2.1/../../../../arm-none-eabi/lib/thumb/v7e-m/fpv4-sp/hard\libg.a(lib_a-memcpy.o)
                0x0800410c                memcpy
 .text          0x08004240        0x0 c:/users/tanda/onedrive/desktop/waijung18_11a/waijung_18.11a/utils/gnu_tools_arm_embedded/bin/../lib/gcc/arm-none-eabi/7.2.1/../../../../arm-none-eabi/lib/thumb/v7e-m/fpv4-sp/hard\libg.a(lib_a-reent.o)
 .text.cleanup_glue
                0x08004240       0x28 c:/users/tanda/onedrive/desktop/waijung18_11a/waijung_18.11a/utils/gnu_tools_arm_embedded/bin/../lib/gcc/arm-none-eabi/7.2.1/../../../../arm-none-eabi/lib/thumb/v7e-m/fpv4-sp/hard\libg.a(lib_a-reent.o)
                0x08004240                cleanup_glue
 .text._reclaim_reent
                0x08004268       0x88 c:/users/tanda/onedrive/desktop/waijung18_11a/waijung_18.11a/utils/gnu_tools_arm_embedded/bin/../lib/gcc/arm-none-eabi/7.2.1/../../../../arm-none-eabi/lib/thumb/v7e-m/fpv4-sp/hard\libg.a(lib_a-reent.o)
                0x08004268                _reclaim_reent
 .text          0x080042f0        0x0 c:/users/tanda/onedrive/desktop/waijung18_11a/waijung_18.11a/utils/gnu_tools_arm_embedded/bin/../lib/gcc/arm-none-eabi/7.2.1/../../../../arm-none-eabi/lib/thumb/v7e-m/fpv4-sp/hard\libg.a(lib_a-sprintf.o)
 .text._sprintf_r
                0x080042f0       0x3c c:/users/tanda/onedrive/desktop/waijung18_11a/waijung_18.11a/utils/gnu_tools_arm_embedded/bin/../lib/gcc/arm-none-eabi/7.2.1/../../../../arm-none-eabi/lib/thumb/v7e-m/fpv4-sp/hard\libg.a(lib_a-sprintf.o)
                0x080042f0                _sprintf_r
 .text.sprintf  0x0800432c       0x44 c:/users/tanda/onedrive/desktop/waijung18_11a/waijung_18.11a/utils/gnu_tools_arm_embedded/bin/../lib/gcc/arm-none-eabi/7.2.1/../../../../arm-none-eabi/lib/thumb/v7e-m/fpv4-sp/hard\libg.a(lib_a-sprintf.o)
                0x0800432c                sprintf
 .text          0x08004370        0x0 c:/users/tanda/onedrive/desktop/waijung18_11a/waijung_18.11a/utils/gnu_tools_arm_embedded/bin/../lib/gcc/arm-none-eabi/7.2.1/../../../../arm-none-eabi/lib/thumb/v7e-m/fpv4-sp/hard\libg.a(lib_a-sscanf.o)
 .text.sscanf   0x08004370       0x58 c:/users/tanda/onedrive/desktop/waijung18_11a/waijung_18.11a/utils/gnu_tools_arm_embedded/bin/../lib/gcc/arm-none-eabi/7.2.1/../../../../arm-none-eabi/lib/thumb/v7e-m/fpv4-sp/hard\libg.a(lib_a-sscanf.o)
                0x08004370                sscanf
 .text._sscanf_r
                0x080043c8       0x54 c:/users/tanda/onedrive/desktop/waijung18_11a/waijung_18.11a/utils/gnu_tools_arm_embedded/bin/../lib/gcc/arm-none-eabi/7.2.1/../../../../arm-none-eabi/lib/thumb/v7e-m/fpv4-sp/hard\libg.a(lib_a-sscanf.o)
                0x080043c8                _sscanf_r
 .text          0x0800441c        0x0 c:/users/tanda/onedrive/desktop/waijung18_11a/waijung_18.11a/utils/gnu_tools_arm_embedded/bin/../lib/gcc/arm-none-eabi/7.2.1/../../../../arm-none-eabi/lib/thumb/v7e-m/fpv4-sp/hard\libg.a(lib_a-stdio.o)
 .text.__sread  0x0800441c       0x24 c:/users/tanda/onedrive/desktop/waijung18_11a/waijung_18.11a/utils/gnu_tools_arm_embedded/bin/../lib/gcc/arm-none-eabi/7.2.1/../../../../arm-none-eabi/lib/thumb/v7e-m/fpv4-sp/hard\libg.a(lib_a-stdio.o)
                0x0800441c                __sread
 .text.__seofread
                0x08004440        0x4 c:/users/tanda/onedrive/desktop/waijung18_11a/waijung_18.11a/utils/gnu_tools_arm_embedded/bin/../lib/gcc/arm-none-eabi/7.2.1/../../../../arm-none-eabi/lib/thumb/v7e-m/fpv4-sp/hard\libg.a(lib_a-stdio.o)
                0x08004440                __seofread
 .text.__swrite
                0x08004444       0x3c c:/users/tanda/onedrive/desktop/waijung18_11a/waijung_18.11a/utils/gnu_tools_arm_embedded/bin/../lib/gcc/arm-none-eabi/7.2.1/../../../../arm-none-eabi/lib/thumb/v7e-m/fpv4-sp/hard\libg.a(lib_a-stdio.o)
                0x08004444                __swrite
 .text.__sseek  0x08004480       0x20 c:/users/tanda/onedrive/desktop/waijung18_11a/waijung_18.11a/utils/gnu_tools_arm_embedded/bin/../lib/gcc/arm-none-eabi/7.2.1/../../../../arm-none-eabi/lib/thumb/v7e-m/fpv4-sp/hard\libg.a(lib_a-stdio.o)
                0x08004480                __sseek
 .text.__sclose
                0x080044a0        0x8 c:/users/tanda/onedrive/desktop/waijung18_11a/waijung_18.11a/utils/gnu_tools_arm_embedded/bin/../lib/gcc/arm-none-eabi/7.2.1/../../../../arm-none-eabi/lib/thumb/v7e-m/fpv4-sp/hard\libg.a(lib_a-stdio.o)
                0x080044a0                __sclose
 *fill*         0x080044a8       0x18 
 .text          0x080044c0       0xdc c:/users/tanda/onedrive/desktop/waijung18_11a/waijung_18.11a/utils/gnu_tools_arm_embedded/bin/../lib/gcc/arm-none-eabi/7.2.1/../../../../arm-none-eabi/lib/thumb/v7e-m/fpv4-sp/hard\libg.a(lib_a-strlen.o)
                0x080044c0                strlen
 .text          0x0800459c        0x0 c:/users/tanda/onedrive/desktop/waijung18_11a/waijung_18.11a/utils/gnu_tools_arm_embedded/bin/../lib/gcc/arm-none-eabi/7.2.1/../../../../arm-none-eabi/lib/thumb/v7e-m/fpv4-sp/hard\libg.a(lib_a-strncmp.o)
 .text.strncmp  0x0800459c       0x98 c:/users/tanda/onedrive/desktop/waijung18_11a/waijung_18.11a/utils/gnu_tools_arm_embedded/bin/../lib/gcc/arm-none-eabi/7.2.1/../../../../arm-none-eabi/lib/thumb/v7e-m/fpv4-sp/hard\libg.a(lib_a-strncmp.o)
                0x0800459c                strncmp
 .text          0x08004634        0x0 c:/users/tanda/onedrive/desktop/waijung18_11a/waijung_18.11a/utils/gnu_tools_arm_embedded/bin/../lib/gcc/arm-none-eabi/7.2.1/../../../../arm-none-eabi/lib/thumb/v7e-m/fpv4-sp/hard\libg.a(lib_a-svfprintf.o)
 *fill*         0x08004634        0x4 
 .text._svfprintf_r
                0x08004638     0x144c c:/users/tanda/onedrive/desktop/waijung18_11a/waijung_18.11a/utils/gnu_tools_arm_embedded/bin/../lib/gcc/arm-none-eabi/7.2.1/../../../../arm-none-eabi/lib/thumb/v7e-m/fpv4-sp/hard\libg.a(lib_a-svfprintf.o)
                0x08004638                _svfprintf_r
 .text          0x08005a84        0x0 c:/users/tanda/onedrive/desktop/waijung18_11a/waijung_18.11a/utils/gnu_tools_arm_embedded/bin/../lib/gcc/arm-none-eabi/7.2.1/../../../../arm-none-eabi/lib/thumb/v7e-m/fpv4-sp/hard\libg.a(lib_a-svfscanf.o)
 .text.__ssvfscanf_r
                0x08005a84      0xdd8 c:/users/tanda/onedrive/desktop/waijung18_11a/waijung_18.11a/utils/gnu_tools_arm_embedded/bin/../lib/gcc/arm-none-eabi/7.2.1/../../../../arm-none-eabi/lib/thumb/v7e-m/fpv4-sp/hard\libg.a(lib_a-svfscanf.o)
                0x08005a84                __ssvfscanf_r
 .text          0x0800685c        0x0 c:/users/tanda/onedrive/desktop/waijung18_11a/waijung_18.11a/utils/gnu_tools_arm_embedded/bin/../lib/gcc/arm-none-eabi/7.2.1/../../../../arm-none-eabi/lib/thumb/v7e-m/fpv4-sp/hard\libg.a(lib_a-writer.o)
 .text._write_r
                0x0800685c       0x2c c:/users/tanda/onedrive/desktop/waijung18_11a/waijung_18.11a/utils/gnu_tools_arm_embedded/bin/../lib/gcc/arm-none-eabi/7.2.1/../../../../arm-none-eabi/lib/thumb/v7e-m/fpv4-sp/hard\libg.a(lib_a-writer.o)
                0x0800685c                _write_r
 .text          0x08006888        0x0 c:/users/tanda/onedrive/desktop/waijung18_11a/waijung_18.11a/utils/gnu_tools_arm_embedded/bin/../lib/gcc/arm-none-eabi/7.2.1/../../../../arm-none-eabi/lib/thumb/v7e-m/fpv4-sp/hard\libg.a(lib_a-closer.o)
 .text._close_r
                0x08006888       0x24 c:/users/tanda/onedrive/desktop/waijung18_11a/waijung_18.11a/utils/gnu_tools_arm_embedded/bin/../lib/gcc/arm-none-eabi/7.2.1/../../../../arm-none-eabi/lib/thumb/v7e-m/fpv4-sp/hard\libg.a(lib_a-closer.o)
                0x08006888                _close_r
 .text          0x080068ac        0x0 c:/users/tanda/onedrive/desktop/waijung18_11a/waijung_18.11a/utils/gnu_tools_arm_embedded/bin/../lib/gcc/arm-none-eabi/7.2.1/../../../../arm-none-eabi/lib/thumb/v7e-m/fpv4-sp/hard\libg.a(lib_a-dtoa.o)
 .text.quorem   0x080068ac      0x124 c:/users/tanda/onedrive/desktop/waijung18_11a/waijung_18.11a/utils/gnu_tools_arm_embedded/bin/../lib/gcc/arm-none-eabi/7.2.1/../../../../arm-none-eabi/lib/thumb/v7e-m/fpv4-sp/hard\libg.a(lib_a-dtoa.o)
 .text._dtoa_r  0x080069d0      0xe28 c:/users/tanda/onedrive/desktop/waijung18_11a/waijung_18.11a/utils/gnu_tools_arm_embedded/bin/../lib/gcc/arm-none-eabi/7.2.1/../../../../arm-none-eabi/lib/thumb/v7e-m/fpv4-sp/hard\libg.a(lib_a-dtoa.o)
                0x080069d0                _dtoa_r
 .text          0x080077f8        0x0 c:/users/tanda/onedrive/desktop/waijung18_11a/waijung_18.11a/utils/gnu_tools_arm_embedded/bin/../lib/gcc/arm-none-eabi/7.2.1/../../../../arm-none-eabi/lib/thumb/v7e-m/fpv4-sp/hard\libg.a(lib_a-freer.o)
 .text._malloc_trim_r
                0x080077f8       0xa0 c:/users/tanda/onedrive/desktop/waijung18_11a/waijung_18.11a/utils/gnu_tools_arm_embedded/bin/../lib/gcc/arm-none-eabi/7.2.1/../../../../arm-none-eabi/lib/thumb/v7e-m/fpv4-sp/hard\libg.a(lib_a-freer.o)
                0x080077f8                _malloc_trim_r
 .text._free_r  0x08007898      0x1e8 c:/users/tanda/onedrive/desktop/waijung18_11a/waijung_18.11a/utils/gnu_tools_arm_embedded/bin/../lib/gcc/arm-none-eabi/7.2.1/../../../../arm-none-eabi/lib/thumb/v7e-m/fpv4-sp/hard\libg.a(lib_a-freer.o)
                0x08007898                _free_r
 .text          0x08007a80        0x0 c:/users/tanda/onedrive/desktop/waijung18_11a/waijung_18.11a/utils/gnu_tools_arm_embedded/bin/../lib/gcc/arm-none-eabi/7.2.1/../../../../arm-none-eabi/lib/thumb/v7e-m/fpv4-sp/hard\libg.a(lib_a-impure.o)
 .text          0x08007a80        0x0 c:/users/tanda/onedrive/desktop/waijung18_11a/waijung_18.11a/utils/gnu_tools_arm_embedded/bin/../lib/gcc/arm-none-eabi/7.2.1/../../../../arm-none-eabi/lib/thumb/v7e-m/fpv4-sp/hard\libg.a(lib_a-iswspace.o)
 .text.iswspace
                0x08007a80       0x1c c:/users/tanda/onedrive/desktop/waijung18_11a/waijung_18.11a/utils/gnu_tools_arm_embedded/bin/../lib/gcc/arm-none-eabi/7.2.1/../../../../arm-none-eabi/lib/thumb/v7e-m/fpv4-sp/hard\libg.a(lib_a-iswspace.o)
                0x08007a80                iswspace
 .text          0x08007a9c        0x0 c:/users/tanda/onedrive/desktop/waijung18_11a/waijung_18.11a/utils/gnu_tools_arm_embedded/bin/../lib/gcc/arm-none-eabi/7.2.1/../../../../arm-none-eabi/lib/thumb/v7e-m/fpv4-sp/hard\libg.a(lib_a-locale.o)
 .text._setlocale_r
                0x08007a9c       0x40 c:/users/tanda/onedrive/desktop/waijung18_11a/waijung_18.11a/utils/gnu_tools_arm_embedded/bin/../lib/gcc/arm-none-eabi/7.2.1/../../../../arm-none-eabi/lib/thumb/v7e-m/fpv4-sp/hard\libg.a(lib_a-locale.o)
                0x08007a9c                _setlocale_r
 .text.__locale_mb_cur_max
                0x08007adc       0x1c c:/users/tanda/onedrive/desktop/waijung18_11a/waijung_18.11a/utils/gnu_tools_arm_embedded/bin/../lib/gcc/arm-none-eabi/7.2.1/../../../../arm-none-eabi/lib/thumb/v7e-m/fpv4-sp/hard\libg.a(lib_a-locale.o)
                0x08007adc                __locale_mb_cur_max
 .text.__locale_ctype_ptr_l
                0x08007af8        0x8 c:/users/tanda/onedrive/desktop/waijung18_11a/waijung_18.11a/utils/gnu_tools_arm_embedded/bin/../lib/gcc/arm-none-eabi/7.2.1/../../../../arm-none-eabi/lib/thumb/v7e-m/fpv4-sp/hard\libg.a(lib_a-locale.o)
                0x08007af8                __locale_ctype_ptr_l
 .text.__locale_ctype_ptr
                0x08007b00       0x1c c:/users/tanda/onedrive/desktop/waijung18_11a/waijung_18.11a/utils/gnu_tools_arm_embedded/bin/../lib/gcc/arm-none-eabi/7.2.1/../../../../arm-none-eabi/lib/thumb/v7e-m/fpv4-sp/hard\libg.a(lib_a-locale.o)
                0x08007b00                __locale_ctype_ptr
 .text.setlocale
                0x08007b1c       0x10 c:/users/tanda/onedrive/desktop/waijung18_11a/waijung_18.11a/utils/gnu_tools_arm_embedded/bin/../lib/gcc/arm-none-eabi/7.2.1/../../../../arm-none-eabi/lib/thumb/v7e-m/fpv4-sp/hard\libg.a(lib_a-locale.o)
                0x08007b1c                setlocale
 .text          0x08007b2c        0x0 c:/users/tanda/onedrive/desktop/waijung18_11a/waijung_18.11a/utils/gnu_tools_arm_embedded/bin/../lib/gcc/arm-none-eabi/7.2.1/../../../../arm-none-eabi/lib/thumb/v7e-m/fpv4-sp/hard\libg.a(lib_a-localeconv.o)
 .text.__localeconv_l
                0x08007b2c        0x4 c:/users/tanda/onedrive/desktop/waijung18_11a/waijung_18.11a/utils/gnu_tools_arm_embedded/bin/../lib/gcc/arm-none-eabi/7.2.1/../../../../arm-none-eabi/lib/thumb/v7e-m/fpv4-sp/hard\libg.a(lib_a-localeconv.o)
                0x08007b2c                __localeconv_l
 .text._localeconv_r
                0x08007b30       0x1c c:/users/tanda/onedrive/desktop/waijung18_11a/waijung_18.11a/utils/gnu_tools_arm_embedded/bin/../lib/gcc/arm-none-eabi/7.2.1/../../../../arm-none-eabi/lib/thumb/v7e-m/fpv4-sp/hard\libg.a(lib_a-localeconv.o)
                0x08007b30                _localeconv_r
 .text.localeconv
                0x08007b4c       0x1c c:/users/tanda/onedrive/desktop/waijung18_11a/waijung_18.11a/utils/gnu_tools_arm_embedded/bin/../lib/gcc/arm-none-eabi/7.2.1/../../../../arm-none-eabi/lib/thumb/v7e-m/fpv4-sp/hard\libg.a(lib_a-localeconv.o)
                0x08007b4c                localeconv
 .text          0x08007b68        0x0 c:/users/tanda/onedrive/desktop/waijung18_11a/waijung_18.11a/utils/gnu_tools_arm_embedded/bin/../lib/gcc/arm-none-eabi/7.2.1/../../../../arm-none-eabi/lib/thumb/v7e-m/fpv4-sp/hard\libg.a(lib_a-lseekr.o)
 .text._lseek_r
                0x08007b68       0x2c c:/users/tanda/onedrive/desktop/waijung18_11a/waijung_18.11a/utils/gnu_tools_arm_embedded/bin/../lib/gcc/arm-none-eabi/7.2.1/../../../../arm-none-eabi/lib/thumb/v7e-m/fpv4-sp/hard\libg.a(lib_a-lseekr.o)
                0x08007b68                _lseek_r
 .text          0x08007b94        0x0 c:/users/tanda/onedrive/desktop/waijung18_11a/waijung_18.11a/utils/gnu_tools_arm_embedded/bin/../lib/gcc/arm-none-eabi/7.2.1/../../../../arm-none-eabi/lib/thumb/v7e-m/fpv4-sp/hard\libg.a(lib_a-mallocr.o)
 .text._malloc_r
                0x08007b94      0x548 c:/users/tanda/onedrive/desktop/waijung18_11a/waijung_18.11a/utils/gnu_tools_arm_embedded/bin/../lib/gcc/arm-none-eabi/7.2.1/../../../../arm-none-eabi/lib/thumb/v7e-m/fpv4-sp/hard\libg.a(lib_a-mallocr.o)
                0x08007b94                _malloc_r
 .text          0x080080dc        0x0 c:/users/tanda/onedrive/desktop/waijung18_11a/waijung_18.11a/utils/gnu_tools_arm_embedded/bin/../lib/gcc/arm-none-eabi/7.2.1/../../../../arm-none-eabi/lib/thumb/v7e-m/fpv4-sp/hard\libg.a(lib_a-mbrtowc.o)
 .text._mbrtowc_r
                0x080080dc       0x5c c:/users/tanda/onedrive/desktop/waijung18_11a/waijung_18.11a/utils/gnu_tools_arm_embedded/bin/../lib/gcc/arm-none-eabi/7.2.1/../../../../arm-none-eabi/lib/thumb/v7e-m/fpv4-sp/hard\libg.a(lib_a-mbrtowc.o)
                0x080080dc                _mbrtowc_r
 .text.mbrtowc  0x08008138       0x60 c:/users/tanda/onedrive/desktop/waijung18_11a/waijung_18.11a/utils/gnu_tools_arm_embedded/bin/../lib/gcc/arm-none-eabi/7.2.1/../../../../arm-none-eabi/lib/thumb/v7e-m/fpv4-sp/hard\libg.a(lib_a-mbrtowc.o)
                0x08008138                mbrtowc
 .text          0x08008198        0x0 c:/users/tanda/onedrive/desktop/waijung18_11a/waijung_18.11a/utils/gnu_tools_arm_embedded/bin/../lib/gcc/arm-none-eabi/7.2.1/../../../../arm-none-eabi/lib/thumb/v7e-m/fpv4-sp/hard\libg.a(lib_a-mbtowc_r.o)
 .text._mbtowc_r
                0x08008198       0x24 c:/users/tanda/onedrive/desktop/waijung18_11a/waijung_18.11a/utils/gnu_tools_arm_embedded/bin/../lib/gcc/arm-none-eabi/7.2.1/../../../../arm-none-eabi/lib/thumb/v7e-m/fpv4-sp/hard\libg.a(lib_a-mbtowc_r.o)
                0x08008198                _mbtowc_r
 .text.__ascii_mbtowc
                0x080081bc       0x2c c:/users/tanda/onedrive/desktop/waijung18_11a/waijung_18.11a/utils/gnu_tools_arm_embedded/bin/../lib/gcc/arm-none-eabi/7.2.1/../../../../arm-none-eabi/lib/thumb/v7e-m/fpv4-sp/hard\libg.a(lib_a-mbtowc_r.o)
                0x080081bc                __ascii_mbtowc
 *fill*         0x080081e8        0x8 
 .text          0x080081f0       0xa0 c:/users/tanda/onedrive/desktop/waijung18_11a/waijung_18.11a/utils/gnu_tools_arm_embedded/bin/../lib/gcc/arm-none-eabi/7.2.1/../../../../arm-none-eabi/lib/thumb/v7e-m/fpv4-sp/hard\libg.a(lib_a-memchr.o)
                0x080081f0                memchr
 .text          0x08008290        0x0 c:/users/tanda/onedrive/desktop/waijung18_11a/waijung_18.11a/utils/gnu_tools_arm_embedded/bin/../lib/gcc/arm-none-eabi/7.2.1/../../../../arm-none-eabi/lib/thumb/v7e-m/fpv4-sp/hard\libg.a(lib_a-memset.o)
 .text.memset   0x08008290       0x94 c:/users/tanda/onedrive/desktop/waijung18_11a/waijung_18.11a/utils/gnu_tools_arm_embedded/bin/../lib/gcc/arm-none-eabi/7.2.1/../../../../arm-none-eabi/lib/thumb/v7e-m/fpv4-sp/hard\libg.a(lib_a-memset.o)
                0x08008290                memset
 .text          0x08008324        0x0 c:/users/tanda/onedrive/desktop/waijung18_11a/waijung_18.11a/utils/gnu_tools_arm_embedded/bin/../lib/gcc/arm-none-eabi/7.2.1/../../../../arm-none-eabi/lib/thumb/v7e-m/fpv4-sp/hard\libg.a(lib_a-mlock.o)
 .text.__malloc_lock
                0x08008324        0xc c:/users/tanda/onedrive/desktop/waijung18_11a/waijung_18.11a/utils/gnu_tools_arm_embedded/bin/../lib/gcc/arm-none-eabi/7.2.1/../../../../arm-none-eabi/lib/thumb/v7e-m/fpv4-sp/hard\libg.a(lib_a-mlock.o)
                0x08008324                __malloc_lock
 .text.__malloc_unlock
                0x08008330        0xc c:/users/tanda/onedrive/desktop/waijung18_11a/waijung_18.11a/utils/gnu_tools_arm_embedded/bin/../lib/gcc/arm-none-eabi/7.2.1/../../../../arm-none-eabi/lib/thumb/v7e-m/fpv4-sp/hard\libg.a(lib_a-mlock.o)
                0x08008330                __malloc_unlock
 .text          0x0800833c        0x0 c:/users/tanda/onedrive/desktop/waijung18_11a/waijung_18.11a/utils/gnu_tools_arm_embedded/bin/../lib/gcc/arm-none-eabi/7.2.1/../../../../arm-none-eabi/lib/thumb/v7e-m/fpv4-sp/hard\libg.a(lib_a-mprec.o)
 .text._Balloc  0x0800833c       0x4c c:/users/tanda/onedrive/desktop/waijung18_11a/waijung_18.11a/utils/gnu_tools_arm_embedded/bin/../lib/gcc/arm-none-eabi/7.2.1/../../../../arm-none-eabi/lib/thumb/v7e-m/fpv4-sp/hard\libg.a(lib_a-mprec.o)
                0x0800833c                _Balloc
 .text._Bfree   0x08008388       0x14 c:/users/tanda/onedrive/desktop/waijung18_11a/waijung_18.11a/utils/gnu_tools_arm_embedded/bin/../lib/gcc/arm-none-eabi/7.2.1/../../../../arm-none-eabi/lib/thumb/v7e-m/fpv4-sp/hard\libg.a(lib_a-mprec.o)
                0x08008388                _Bfree
 .text.__multadd
                0x0800839c       0x80 c:/users/tanda/onedrive/desktop/waijung18_11a/waijung_18.11a/utils/gnu_tools_arm_embedded/bin/../lib/gcc/arm-none-eabi/7.2.1/../../../../arm-none-eabi/lib/thumb/v7e-m/fpv4-sp/hard\libg.a(lib_a-mprec.o)
                0x0800839c                __multadd
 .text.__s2b    0x0800841c       0x98 c:/users/tanda/onedrive/desktop/waijung18_11a/waijung_18.11a/utils/gnu_tools_arm_embedded/bin/../lib/gcc/arm-none-eabi/7.2.1/../../../../arm-none-eabi/lib/thumb/v7e-m/fpv4-sp/hard\libg.a(lib_a-mprec.o)
                0x0800841c                __s2b
 .text.__hi0bits
                0x080084b4       0x40 c:/users/tanda/onedrive/desktop/waijung18_11a/waijung_18.11a/utils/gnu_tools_arm_embedded/bin/../lib/gcc/arm-none-eabi/7.2.1/../../../../arm-none-eabi/lib/thumb/v7e-m/fpv4-sp/hard\libg.a(lib_a-mprec.o)
                0x080084b4                __hi0bits
 .text.__lo0bits
                0x080084f4       0x60 c:/users/tanda/onedrive/desktop/waijung18_11a/waijung_18.11a/utils/gnu_tools_arm_embedded/bin/../lib/gcc/arm-none-eabi/7.2.1/../../../../arm-none-eabi/lib/thumb/v7e-m/fpv4-sp/hard\libg.a(lib_a-mprec.o)
                0x080084f4                __lo0bits
 .text.__i2b    0x08008554       0x14 c:/users/tanda/onedrive/desktop/waijung18_11a/waijung_18.11a/utils/gnu_tools_arm_embedded/bin/../lib/gcc/arm-none-eabi/7.2.1/../../../../arm-none-eabi/lib/thumb/v7e-m/fpv4-sp/hard\libg.a(lib_a-mprec.o)
                0x08008554                __i2b
 .text.__multiply
                0x08008568      0x14c c:/users/tanda/onedrive/desktop/waijung18_11a/waijung_18.11a/utils/gnu_tools_arm_embedded/bin/../lib/gcc/arm-none-eabi/7.2.1/../../../../arm-none-eabi/lib/thumb/v7e-m/fpv4-sp/hard\libg.a(lib_a-mprec.o)
                0x08008568                __multiply
 .text.__pow5mult
                0x080086b4       0xa0 c:/users/tanda/onedrive/desktop/waijung18_11a/waijung_18.11a/utils/gnu_tools_arm_embedded/bin/../lib/gcc/arm-none-eabi/7.2.1/../../../../arm-none-eabi/lib/thumb/v7e-m/fpv4-sp/hard\libg.a(lib_a-mprec.o)
                0x080086b4                __pow5mult
 .text.__lshift
                0x08008754       0xac c:/users/tanda/onedrive/desktop/waijung18_11a/waijung_18.11a/utils/gnu_tools_arm_embedded/bin/../lib/gcc/arm-none-eabi/7.2.1/../../../../arm-none-eabi/lib/thumb/v7e-m/fpv4-sp/hard\libg.a(lib_a-mprec.o)
                0x08008754                __lshift
 .text.__mcmp   0x08008800       0x38 c:/users/tanda/onedrive/desktop/waijung18_11a/waijung_18.11a/utils/gnu_tools_arm_embedded/bin/../lib/gcc/arm-none-eabi/7.2.1/../../../../arm-none-eabi/lib/thumb/v7e-m/fpv4-sp/hard\libg.a(lib_a-mprec.o)
                0x08008800                __mcmp
 .text.__mdiff  0x08008838       0xec c:/users/tanda/onedrive/desktop/waijung18_11a/waijung_18.11a/utils/gnu_tools_arm_embedded/bin/../lib/gcc/arm-none-eabi/7.2.1/../../../../arm-none-eabi/lib/thumb/v7e-m/fpv4-sp/hard\libg.a(lib_a-mprec.o)
                0x08008838                __mdiff
 .text.__ulp    0x08008924       0x54 c:/users/tanda/onedrive/desktop/waijung18_11a/waijung_18.11a/utils/gnu_tools_arm_embedded/bin/../lib/gcc/arm-none-eabi/7.2.1/../../../../arm-none-eabi/lib/thumb/v7e-m/fpv4-sp/hard\libg.a(lib_a-mprec.o)
                0x08008924                __ulp
 .text.__b2d    0x08008978       0xbc c:/users/tanda/onedrive/desktop/waijung18_11a/waijung_18.11a/utils/gnu_tools_arm_embedded/bin/../lib/gcc/arm-none-eabi/7.2.1/../../../../arm-none-eabi/lib/thumb/v7e-m/fpv4-sp/hard\libg.a(lib_a-mprec.o)
                0x08008978                __b2d
 .text.__d2b    0x08008a34       0xc4 c:/users/tanda/onedrive/desktop/waijung18_11a/waijung_18.11a/utils/gnu_tools_arm_embedded/bin/../lib/gcc/arm-none-eabi/7.2.1/../../../../arm-none-eabi/lib/thumb/v7e-m/fpv4-sp/hard\libg.a(lib_a-mprec.o)
                0x08008a34                __d2b
 .text.__ratio  0x08008af8       0x60 c:/users/tanda/onedrive/desktop/waijung18_11a/waijung_18.11a/utils/gnu_tools_arm_embedded/bin/../lib/gcc/arm-none-eabi/7.2.1/../../../../arm-none-eabi/lib/thumb/v7e-m/fpv4-sp/hard\libg.a(lib_a-mprec.o)
                0x08008af8                __ratio
 .text._mprec_log10
                0x08008b58       0x40 c:/users/tanda/onedrive/desktop/waijung18_11a/waijung_18.11a/utils/gnu_tools_arm_embedded/bin/../lib/gcc/arm-none-eabi/7.2.1/../../../../arm-none-eabi/lib/thumb/v7e-m/fpv4-sp/hard\libg.a(lib_a-mprec.o)
                0x08008b58                _mprec_log10
 .text.__copybits
                0x08008b98       0x48 c:/users/tanda/onedrive/desktop/waijung18_11a/waijung_18.11a/utils/gnu_tools_arm_embedded/bin/../lib/gcc/arm-none-eabi/7.2.1/../../../../arm-none-eabi/lib/thumb/v7e-m/fpv4-sp/hard\libg.a(lib_a-mprec.o)
                0x08008b98                __copybits
 .text.__any_on
                0x08008be0       0x58 c:/users/tanda/onedrive/desktop/waijung18_11a/waijung_18.11a/utils/gnu_tools_arm_embedded/bin/../lib/gcc/arm-none-eabi/7.2.1/../../../../arm-none-eabi/lib/thumb/v7e-m/fpv4-sp/hard\libg.a(lib_a-mprec.o)
                0x08008be0                __any_on
 .text          0x08008c38        0x0 c:/users/tanda/onedrive/desktop/waijung18_11a/waijung_18.11a/utils/gnu_tools_arm_embedded/bin/../lib/gcc/arm-none-eabi/7.2.1/../../../../arm-none-eabi/lib/thumb/v7e-m/fpv4-sp/hard\libg.a(lib_a-readr.o)
 .text._read_r  0x08008c38       0x2c c:/users/tanda/onedrive/desktop/waijung18_11a/waijung_18.11a/utils/gnu_tools_arm_embedded/bin/../lib/gcc/arm-none-eabi/7.2.1/../../../../arm-none-eabi/lib/thumb/v7e-m/fpv4-sp/hard\libg.a(lib_a-readr.o)
                0x08008c38                _read_r
 .text          0x08008c64        0x0 c:/users/tanda/onedrive/desktop/waijung18_11a/waijung_18.11a/utils/gnu_tools_arm_embedded/bin/../lib/gcc/arm-none-eabi/7.2.1/../../../../arm-none-eabi/lib/thumb/v7e-m/fpv4-sp/hard\libg.a(lib_a-sbrkr.o)
 .text._sbrk_r  0x08008c64       0x24 c:/users/tanda/onedrive/desktop/waijung18_11a/waijung_18.11a/utils/gnu_tools_arm_embedded/bin/../lib/gcc/arm-none-eabi/7.2.1/../../../../arm-none-eabi/lib/thumb/v7e-m/fpv4-sp/hard\libg.a(lib_a-sbrkr.o)
                0x08008c64                _sbrk_r
 .text          0x08008c88        0x0 c:/users/tanda/onedrive/desktop/waijung18_11a/waijung_18.11a/utils/gnu_tools_arm_embedded/bin/../lib/gcc/arm-none-eabi/7.2.1/../../../../arm-none-eabi/lib/thumb/v7e-m/fpv4-sp/hard\libg.a(lib_a-sccl.o)
 .text.__sccl   0x08008c88       0x70 c:/users/tanda/onedrive/desktop/waijung18_11a/waijung_18.11a/utils/gnu_tools_arm_embedded/bin/../lib/gcc/arm-none-eabi/7.2.1/../../../../arm-none-eabi/lib/thumb/v7e-m/fpv4-sp/hard\libg.a(lib_a-sccl.o)
                0x08008c88                __sccl
 .text          0x08008cf8        0x0 c:/users/tanda/onedrive/desktop/waijung18_11a/waijung_18.11a/utils/gnu_tools_arm_embedded/bin/../lib/gcc/arm-none-eabi/7.2.1/../../../../arm-none-eabi/lib/thumb/v7e-m/fpv4-sp/hard\libg.a(lib_a-sf_nan.o)
 .text.nanf     0x08008cf8        0xc c:/users/tanda/onedrive/desktop/waijung18_11a/waijung_18.11a/utils/gnu_tools_arm_embedded/bin/../lib/gcc/arm-none-eabi/7.2.1/../../../../arm-none-eabi/lib/thumb/v7e-m/fpv4-sp/hard\libg.a(lib_a-sf_nan.o)
                0x08008cf8                nanf
 *fill*         0x08008d04       0x1c 
 .text          0x08008d20      0x2dc c:/users/tanda/onedrive/desktop/waijung18_11a/waijung_18.11a/utils/gnu_tools_arm_embedded/bin/../lib/gcc/arm-none-eabi/7.2.1/../../../../arm-none-eabi/lib/thumb/v7e-m/fpv4-sp/hard\libg.a(lib_a-strcmp.o)
                0x08008d28                strcmp
 .text          0x08008ffc        0x0 c:/users/tanda/onedrive/desktop/waijung18_11a/waijung_18.11a/utils/gnu_tools_arm_embedded/bin/../lib/gcc/arm-none-eabi/7.2.1/../../../../arm-none-eabi/lib/thumb/v7e-m/fpv4-sp/hard\libg.a(lib_a-strtod.o)
 .text.unlikely.sulp
                0x08008ffc       0x38 c:/users/tanda/onedrive/desktop/waijung18_11a/waijung_18.11a/utils/gnu_tools_arm_embedded/bin/../lib/gcc/arm-none-eabi/7.2.1/../../../../arm-none-eabi/lib/thumb/v7e-m/fpv4-sp/hard\libg.a(lib_a-strtod.o)
 *fill*         0x08009034        0x4 
 .text._strtod_l
                0x08009038      0xf1c c:/users/tanda/onedrive/desktop/waijung18_11a/waijung_18.11a/utils/gnu_tools_arm_embedded/bin/../lib/gcc/arm-none-eabi/7.2.1/../../../../arm-none-eabi/lib/thumb/v7e-m/fpv4-sp/hard\libg.a(lib_a-strtod.o)
                0x08009038                _strtod_l
 .text._strtod_r
                0x08009f54       0x20 c:/users/tanda/onedrive/desktop/waijung18_11a/waijung_18.11a/utils/gnu_tools_arm_embedded/bin/../lib/gcc/arm-none-eabi/7.2.1/../../../../arm-none-eabi/lib/thumb/v7e-m/fpv4-sp/hard\libg.a(lib_a-strtod.o)
                0x08009f54                _strtod_r
 .text.strtod_l
                0x08009f74       0x18 c:/users/tanda/onedrive/desktop/waijung18_11a/waijung_18.11a/utils/gnu_tools_arm_embedded/bin/../lib/gcc/arm-none-eabi/7.2.1/../../../../arm-none-eabi/lib/thumb/v7e-m/fpv4-sp/hard\libg.a(lib_a-strtod.o)
                0x08009f74                strtod_l
 .text.strtod   0x08009f8c       0x24 c:/users/tanda/onedrive/desktop/waijung18_11a/waijung_18.11a/utils/gnu_tools_arm_embedded/bin/../lib/gcc/arm-none-eabi/7.2.1/../../../../arm-none-eabi/lib/thumb/v7e-m/fpv4-sp/hard\libg.a(lib_a-strtod.o)
                0x08009f8c                strtod
 .text.strtof_l
                0x08009fb0       0xa0 c:/users/tanda/onedrive/desktop/waijung18_11a/waijung_18.11a/utils/gnu_tools_arm_embedded/bin/../lib/gcc/arm-none-eabi/7.2.1/../../../../arm-none-eabi/lib/thumb/v7e-m/fpv4-sp/hard\libg.a(lib_a-strtod.o)
                0x08009fb0                strtof_l
 .text.strtof   0x0800a050       0xb0 c:/users/tanda/onedrive/desktop/waijung18_11a/waijung_18.11a/utils/gnu_tools_arm_embedded/bin/../lib/gcc/arm-none-eabi/7.2.1/../../../../arm-none-eabi/lib/thumb/v7e-m/fpv4-sp/hard\libg.a(lib_a-strtod.o)
                0x0800a050                strtof
 .text          0x0800a100        0x0 c:/users/tanda/onedrive/desktop/waijung18_11a/waijung_18.11a/utils/gnu_tools_arm_embedded/bin/../lib/gcc/arm-none-eabi/7.2.1/../../../../arm-none-eabi/lib/thumb/v7e-m/fpv4-sp/hard\libg.a(lib_a-strtol.o)
 .text._strtol_l.isra.0
                0x0800a100      0x124 c:/users/tanda/onedrive/desktop/waijung18_11a/waijung_18.11a/utils/gnu_tools_arm_embedded/bin/../lib/gcc/arm-none-eabi/7.2.1/../../../../arm-none-eabi/lib/thumb/v7e-m/fpv4-sp/hard\libg.a(lib_a-strtol.o)
 .text._strtol_r
                0x0800a224       0x24 c:/users/tanda/onedrive/desktop/waijung18_11a/waijung_18.11a/utils/gnu_tools_arm_embedded/bin/../lib/gcc/arm-none-eabi/7.2.1/../../../../arm-none-eabi/lib/thumb/v7e-m/fpv4-sp/hard\libg.a(lib_a-strtol.o)
                0x0800a224                _strtol_r
 .text.strtol_l
                0x0800a248       0x20 c:/users/tanda/onedrive/desktop/waijung18_11a/waijung_18.11a/utils/gnu_tools_arm_embedded/bin/../lib/gcc/arm-none-eabi/7.2.1/../../../../arm-none-eabi/lib/thumb/v7e-m/fpv4-sp/hard\libg.a(lib_a-strtol.o)
                0x0800a248                strtol_l
 .text.strtol   0x0800a268       0x2c c:/users/tanda/onedrive/desktop/waijung18_11a/waijung_18.11a/utils/gnu_tools_arm_embedded/bin/../lib/gcc/arm-none-eabi/7.2.1/../../../../arm-none-eabi/lib/thumb/v7e-m/fpv4-sp/hard\libg.a(lib_a-strtol.o)
                0x0800a268                strtol
 .text          0x0800a294        0x0 c:/users/tanda/onedrive/desktop/waijung18_11a/waijung_18.11a/utils/gnu_tools_arm_embedded/bin/../lib/gcc/arm-none-eabi/7.2.1/../../../../arm-none-eabi/lib/thumb/v7e-m/fpv4-sp/hard\libg.a(lib_a-strtoll.o)
 .text._strtoll_l.isra.0
                0x0800a294      0x19c c:/users/tanda/onedrive/desktop/waijung18_11a/waijung_18.11a/utils/gnu_tools_arm_embedded/bin/../lib/gcc/arm-none-eabi/7.2.1/../../../../arm-none-eabi/lib/thumb/v7e-m/fpv4-sp/hard\libg.a(lib_a-strtoll.o)
 .text._strtoll_r
                0x0800a430       0x24 c:/users/tanda/onedrive/desktop/waijung18_11a/waijung_18.11a/utils/gnu_tools_arm_embedded/bin/../lib/gcc/arm-none-eabi/7.2.1/../../../../arm-none-eabi/lib/thumb/v7e-m/fpv4-sp/hard\libg.a(lib_a-strtoll.o)
                0x0800a430                _strtoll_r
 .text.strtoll_l
                0x0800a454       0x20 c:/users/tanda/onedrive/desktop/waijung18_11a/waijung_18.11a/utils/gnu_tools_arm_embedded/bin/../lib/gcc/arm-none-eabi/7.2.1/../../../../arm-none-eabi/lib/thumb/v7e-m/fpv4-sp/hard\libg.a(lib_a-strtoll.o)
                0x0800a454                strtoll_l
 .text.strtoll  0x0800a474       0x2c c:/users/tanda/onedrive/desktop/waijung18_11a/waijung_18.11a/utils/gnu_tools_arm_embedded/bin/../lib/gcc/arm-none-eabi/7.2.1/../../../../arm-none-eabi/lib/thumb/v7e-m/fpv4-sp/hard\libg.a(lib_a-strtoll.o)
                0x0800a474                strtoll
 .text          0x0800a4a0        0x0 c:/users/tanda/onedrive/desktop/waijung18_11a/waijung_18.11a/utils/gnu_tools_arm_embedded/bin/../lib/gcc/arm-none-eabi/7.2.1/../../../../arm-none-eabi/lib/thumb/v7e-m/fpv4-sp/hard\libg.a(lib_a-strtoul.o)
 .text._strtoul_l.isra.0
                0x0800a4a0      0x14c c:/users/tanda/onedrive/desktop/waijung18_11a/waijung_18.11a/utils/gnu_tools_arm_embedded/bin/../lib/gcc/arm-none-eabi/7.2.1/../../../../arm-none-eabi/lib/thumb/v7e-m/fpv4-sp/hard\libg.a(lib_a-strtoul.o)
 .text._strtoul_r
                0x0800a5ec       0x24 c:/users/tanda/onedrive/desktop/waijung18_11a/waijung_18.11a/utils/gnu_tools_arm_embedded/bin/../lib/gcc/arm-none-eabi/7.2.1/../../../../arm-none-eabi/lib/thumb/v7e-m/fpv4-sp/hard\libg.a(lib_a-strtoul.o)
                0x0800a5ec                _strtoul_r
 .text.strtoul_l
                0x0800a610       0x20 c:/users/tanda/onedrive/desktop/waijung18_11a/waijung_18.11a/utils/gnu_tools_arm_embedded/bin/../lib/gcc/arm-none-eabi/7.2.1/../../../../arm-none-eabi/lib/thumb/v7e-m/fpv4-sp/hard\libg.a(lib_a-strtoul.o)
                0x0800a610                strtoul_l
 .text.strtoul  0x0800a630       0x2c c:/users/tanda/onedrive/desktop/waijung18_11a/waijung_18.11a/utils/gnu_tools_arm_embedded/bin/../lib/gcc/arm-none-eabi/7.2.1/../../../../arm-none-eabi/lib/thumb/v7e-m/fpv4-sp/hard\libg.a(lib_a-strtoul.o)
                0x0800a630                strtoul
 .text          0x0800a65c        0x0 c:/users/tanda/onedrive/desktop/waijung18_11a/waijung_18.11a/utils/gnu_tools_arm_embedded/bin/../lib/gcc/arm-none-eabi/7.2.1/../../../../arm-none-eabi/lib/thumb/v7e-m/fpv4-sp/hard\libg.a(lib_a-strtoull.o)
 .text._strtoull_l.isra.0
                0x0800a65c      0x1cc c:/users/tanda/onedrive/desktop/waijung18_11a/waijung_18.11a/utils/gnu_tools_arm_embedded/bin/../lib/gcc/arm-none-eabi/7.2.1/../../../../arm-none-eabi/lib/thumb/v7e-m/fpv4-sp/hard\libg.a(lib_a-strtoull.o)
 .text._strtoull_r
                0x0800a828       0x24 c:/users/tanda/onedrive/desktop/waijung18_11a/waijung_18.11a/utils/gnu_tools_arm_embedded/bin/../lib/gcc/arm-none-eabi/7.2.1/../../../../arm-none-eabi/lib/thumb/v7e-m/fpv4-sp/hard\libg.a(lib_a-strtoull.o)
                0x0800a828                _strtoull_r
 .text.strtoull_l
                0x0800a84c       0x20 c:/users/tanda/onedrive/desktop/waijung18_11a/waijung_18.11a/utils/gnu_tools_arm_embedded/bin/../lib/gcc/arm-none-eabi/7.2.1/../../../../arm-none-eabi/lib/thumb/v7e-m/fpv4-sp/hard\libg.a(lib_a-strtoull.o)
                0x0800a84c                strtoull_l
 .text.strtoull
                0x0800a86c       0x2c c:/users/tanda/onedrive/desktop/waijung18_11a/waijung_18.11a/utils/gnu_tools_arm_embedded/bin/../lib/gcc/arm-none-eabi/7.2.1/../../../../arm-none-eabi/lib/thumb/v7e-m/fpv4-sp/hard\libg.a(lib_a-strtoull.o)
                0x0800a86c                strtoull
 .text          0x0800a898        0x0 c:/users/tanda/onedrive/desktop/waijung18_11a/waijung_18.11a/utils/gnu_tools_arm_embedded/bin/../lib/gcc/arm-none-eabi/7.2.1/../../../../arm-none-eabi/lib/thumb/v7e-m/fpv4-sp/hard\libg.a(lib_a-svfiprintf.o)
 .text.__ssprint_r
                0x0800a898       0xf4 c:/users/tanda/onedrive/desktop/waijung18_11a/waijung_18.11a/utils/gnu_tools_arm_embedded/bin/../lib/gcc/arm-none-eabi/7.2.1/../../../../arm-none-eabi/lib/thumb/v7e-m/fpv4-sp/hard\libg.a(lib_a-svfiprintf.o)
                0x0800a898                __ssprint_r
 .text._svfiprintf_r
                0x0800a98c      0xa68 c:/users/tanda/onedrive/desktop/waijung18_11a/waijung_18.11a/utils/gnu_tools_arm_embedded/bin/../lib/gcc/arm-none-eabi/7.2.1/../../../../arm-none-eabi/lib/thumb/v7e-m/fpv4-sp/hard\libg.a(lib_a-svfiprintf.o)
                0x0800a98c                _svfiprintf_r
 .text          0x0800b3f4        0x0 c:/users/tanda/onedrive/desktop/waijung18_11a/waijung_18.11a/utils/gnu_tools_arm_embedded/bin/../lib/gcc/arm-none-eabi/7.2.1/../../../../arm-none-eabi/lib/thumb/v7e-m/fpv4-sp/hard\libg.a(lib_a-svfiscanf.o)
 .text._sungetc_r
                0x0800b3f4       0x7c c:/users/tanda/onedrive/desktop/waijung18_11a/waijung_18.11a/utils/gnu_tools_arm_embedded/bin/../lib/gcc/arm-none-eabi/7.2.1/../../../../arm-none-eabi/lib/thumb/v7e-m/fpv4-sp/hard\libg.a(lib_a-svfiscanf.o)
                0x0800b3f4                _sungetc_r
 .text.__ssrefill_r
                0x0800b470       0x3c c:/users/tanda/onedrive/desktop/waijung18_11a/waijung_18.11a/utils/gnu_tools_arm_embedded/bin/../lib/gcc/arm-none-eabi/7.2.1/../../../../arm-none-eabi/lib/thumb/v7e-m/fpv4-sp/hard\libg.a(lib_a-svfiscanf.o)
                0x0800b470                __ssrefill_r
 .text._sfread_r
                0x0800b4ac       0x78 c:/users/tanda/onedrive/desktop/waijung18_11a/waijung_18.11a/utils/gnu_tools_arm_embedded/bin/../lib/gcc/arm-none-eabi/7.2.1/../../../../arm-none-eabi/lib/thumb/v7e-m/fpv4-sp/hard\libg.a(lib_a-svfiscanf.o)
                0x0800b4ac                _sfread_r
 .text.__ssvfiscanf_r
                0x0800b524      0x934 c:/users/tanda/onedrive/desktop/waijung18_11a/waijung_18.11a/utils/gnu_tools_arm_embedded/bin/../lib/gcc/arm-none-eabi/7.2.1/../../../../arm-none-eabi/lib/thumb/v7e-m/fpv4-sp/hard\libg.a(lib_a-svfiscanf.o)
                0x0800b524                __ssvfiscanf_r
 .text          0x0800be58        0x0 c:/users/tanda/onedrive/desktop/waijung18_11a/waijung_18.11a/utils/gnu_tools_arm_embedded/bin/../lib/gcc/arm-none-eabi/7.2.1/../../../../arm-none-eabi/lib/thumb/v7e-m/fpv4-sp/hard\libg.a(lib_a-ungetc.o)
 .text.__submore
                0x0800be58       0x78 c:/users/tanda/onedrive/desktop/waijung18_11a/waijung_18.11a/utils/gnu_tools_arm_embedded/bin/../lib/gcc/arm-none-eabi/7.2.1/../../../../arm-none-eabi/lib/thumb/v7e-m/fpv4-sp/hard\libg.a(lib_a-ungetc.o)
                0x0800be58                __submore
 .text._ungetc_r
                0x0800bed0      0x130 c:/users/tanda/onedrive/desktop/waijung18_11a/waijung_18.11a/utils/gnu_tools_arm_embedded/bin/../lib/gcc/arm-none-eabi/7.2.1/../../../../arm-none-eabi/lib/thumb/v7e-m/fpv4-sp/hard\libg.a(lib_a-ungetc.o)
                0x0800bed0                _ungetc_r
 .text.ungetc   0x0800c000       0x10 c:/users/tanda/onedrive/desktop/waijung18_11a/waijung_18.11a/utils/gnu_tools_arm_embedded/bin/../lib/gcc/arm-none-eabi/7.2.1/../../../../arm-none-eabi/lib/thumb/v7e-m/fpv4-sp/hard\libg.a(lib_a-ungetc.o)
                0x0800c000                ungetc
 .text          0x0800c010        0x0 c:/users/tanda/onedrive/desktop/waijung18_11a/waijung_18.11a/utils/gnu_tools_arm_embedded/bin/../lib/gcc/arm-none-eabi/7.2.1/../../../../arm-none-eabi/lib/thumb/v7e-m/fpv4-sp/hard\libg.a(lib_a-wctomb_r.o)
 .text._wctomb_r
                0x0800c010       0x24 c:/users/tanda/onedrive/desktop/waijung18_11a/waijung_18.11a/utils/gnu_tools_arm_embedded/bin/../lib/gcc/arm-none-eabi/7.2.1/../../../../arm-none-eabi/lib/thumb/v7e-m/fpv4-sp/hard\libg.a(lib_a-wctomb_r.o)
                0x0800c010                _wctomb_r
 .text.__ascii_wctomb
                0x0800c034       0x1c c:/users/tanda/onedrive/desktop/waijung18_11a/waijung_18.11a/utils/gnu_tools_arm_embedded/bin/../lib/gcc/arm-none-eabi/7.2.1/../../../../arm-none-eabi/lib/thumb/v7e-m/fpv4-sp/hard\libg.a(lib_a-wctomb_r.o)
                0x0800c034                __ascii_wctomb
 .text          0x0800c050        0x0 c:/users/tanda/onedrive/desktop/waijung18_11a/waijung_18.11a/utils/gnu_tools_arm_embedded/bin/../lib/gcc/arm-none-eabi/7.2.1/../../../../arm-none-eabi/lib/thumb/v7e-m/fpv4-sp/hard\libg.a(lib_a-callocr.o)
 .text._calloc_r
                0x0800c050       0x68 c:/users/tanda/onedrive/desktop/waijung18_11a/waijung_18.11a/utils/gnu_tools_arm_embedded/bin/../lib/gcc/arm-none-eabi/7.2.1/../../../../arm-none-eabi/lib/thumb/v7e-m/fpv4-sp/hard\libg.a(lib_a-callocr.o)
                0x0800c050                _calloc_r
 .text          0x0800c0b8        0x0 c:/users/tanda/onedrive/desktop/waijung18_11a/waijung_18.11a/utils/gnu_tools_arm_embedded/bin/../lib/gcc/arm-none-eabi/7.2.1/../../../../arm-none-eabi/lib/thumb/v7e-m/fpv4-sp/hard\libg.a(lib_a-ctype_.o)
 .text          0x0800c0b8        0x0 c:/users/tanda/onedrive/desktop/waijung18_11a/waijung_18.11a/utils/gnu_tools_arm_embedded/bin/../lib/gcc/arm-none-eabi/7.2.1/../../../../arm-none-eabi/lib/thumb/v7e-m/fpv4-sp/hard\libg.a(lib_a-fflush.o)
 .text.__sflush_r
                0x0800c0b8      0x154 c:/users/tanda/onedrive/desktop/waijung18_11a/waijung_18.11a/utils/gnu_tools_arm_embedded/bin/../lib/gcc/arm-none-eabi/7.2.1/../../../../arm-none-eabi/lib/thumb/v7e-m/fpv4-sp/hard\libg.a(lib_a-fflush.o)
                0x0800c0b8                __sflush_r
 .text._fflush_r
                0x0800c20c       0x5c c:/users/tanda/onedrive/desktop/waijung18_11a/waijung_18.11a/utils/gnu_tools_arm_embedded/bin/../lib/gcc/arm-none-eabi/7.2.1/../../../../arm-none-eabi/lib/thumb/v7e-m/fpv4-sp/hard\libg.a(lib_a-fflush.o)
                0x0800c20c                _fflush_r
 .text.fflush   0x0800c268       0x24 c:/users/tanda/onedrive/desktop/waijung18_11a/waijung_18.11a/utils/gnu_tools_arm_embedded/bin/../lib/gcc/arm-none-eabi/7.2.1/../../../../arm-none-eabi/lib/thumb/v7e-m/fpv4-sp/hard\libg.a(lib_a-fflush.o)
                0x0800c268                fflush
 .text          0x0800c28c        0x0 c:/users/tanda/onedrive/desktop/waijung18_11a/waijung_18.11a/utils/gnu_tools_arm_embedded/bin/../lib/gcc/arm-none-eabi/7.2.1/../../../../arm-none-eabi/lib/thumb/v7e-m/fpv4-sp/hard\libg.a(lib_a-findfp.o)
 .text.std      0x0800c28c       0x50 c:/users/tanda/onedrive/desktop/waijung18_11a/waijung_18.11a/utils/gnu_tools_arm_embedded/bin/../lib/gcc/arm-none-eabi/7.2.1/../../../../arm-none-eabi/lib/thumb/v7e-m/fpv4-sp/hard\libg.a(lib_a-findfp.o)
 .text._cleanup_r
                0x0800c2dc        0xc c:/users/tanda/onedrive/desktop/waijung18_11a/waijung_18.11a/utils/gnu_tools_arm_embedded/bin/../lib/gcc/arm-none-eabi/7.2.1/../../../../arm-none-eabi/lib/thumb/v7e-m/fpv4-sp/hard\libg.a(lib_a-findfp.o)
                0x0800c2dc                _cleanup_r
 .text.__fp_lock
                0x0800c2e8       0x1c c:/users/tanda/onedrive/desktop/waijung18_11a/waijung_18.11a/utils/gnu_tools_arm_embedded/bin/../lib/gcc/arm-none-eabi/7.2.1/../../../../arm-none-eabi/lib/thumb/v7e-m/fpv4-sp/hard\libg.a(lib_a-findfp.o)
 .text.__fp_unlock
                0x0800c304       0x1c c:/users/tanda/onedrive/desktop/waijung18_11a/waijung_18.11a/utils/gnu_tools_arm_embedded/bin/../lib/gcc/arm-none-eabi/7.2.1/../../../../arm-none-eabi/lib/thumb/v7e-m/fpv4-sp/hard\libg.a(lib_a-findfp.o)
 .text.__sfmoreglue
                0x0800c320       0x30 c:/users/tanda/onedrive/desktop/waijung18_11a/waijung_18.11a/utils/gnu_tools_arm_embedded/bin/../lib/gcc/arm-none-eabi/7.2.1/../../../../arm-none-eabi/lib/thumb/v7e-m/fpv4-sp/hard\libg.a(lib_a-findfp.o)
                0x0800c320                __sfmoreglue
 .text._cleanup
                0x0800c350       0x14 c:/users/tanda/onedrive/desktop/waijung18_11a/waijung_18.11a/utils/gnu_tools_arm_embedded/bin/../lib/gcc/arm-none-eabi/7.2.1/../../../../arm-none-eabi/lib/thumb/v7e-m/fpv4-sp/hard\libg.a(lib_a-findfp.o)
                0x0800c350                _cleanup
 .text.__sinit  0x0800c364       0x58 c:/users/tanda/onedrive/desktop/waijung18_11a/waijung_18.11a/utils/gnu_tools_arm_embedded/bin/../lib/gcc/arm-none-eabi/7.2.1/../../../../arm-none-eabi/lib/thumb/v7e-m/fpv4-sp/hard\libg.a(lib_a-findfp.o)
                0x0800c364                __sinit
 .text.__sfp    0x0800c3bc       0xa4 c:/users/tanda/onedrive/desktop/waijung18_11a/waijung_18.11a/utils/gnu_tools_arm_embedded/bin/../lib/gcc/arm-none-eabi/7.2.1/../../../../arm-none-eabi/lib/thumb/v7e-m/fpv4-sp/hard\libg.a(lib_a-findfp.o)
                0x0800c3bc                __sfp
 .text.__sfp_lock_acquire
                0x0800c460        0xc c:/users/tanda/onedrive/desktop/waijung18_11a/waijung_18.11a/utils/gnu_tools_arm_embedded/bin/../lib/gcc/arm-none-eabi/7.2.1/../../../../arm-none-eabi/lib/thumb/v7e-m/fpv4-sp/hard\libg.a(lib_a-findfp.o)
                0x0800c460                __sfp_lock_acquire
 .text.__sfp_lock_release
                0x0800c46c        0xc c:/users/tanda/onedrive/desktop/waijung18_11a/waijung_18.11a/utils/gnu_tools_arm_embedded/bin/../lib/gcc/arm-none-eabi/7.2.1/../../../../arm-none-eabi/lib/thumb/v7e-m/fpv4-sp/hard\libg.a(lib_a-findfp.o)
                0x0800c46c                __sfp_lock_release
 .text.__sinit_lock_acquire
                0x0800c478        0xc c:/users/tanda/onedrive/desktop/waijung18_11a/waijung_18.11a/utils/gnu_tools_arm_embedded/bin/../lib/gcc/arm-none-eabi/7.2.1/../../../../arm-none-eabi/lib/thumb/v7e-m/fpv4-sp/hard\libg.a(lib_a-findfp.o)
                0x0800c478                __sinit_lock_acquire
 .text.__sinit_lock_release
                0x0800c484        0xc c:/users/tanda/onedrive/desktop/waijung18_11a/waijung_18.11a/utils/gnu_tools_arm_embedded/bin/../lib/gcc/arm-none-eabi/7.2.1/../../../../arm-none-eabi/lib/thumb/v7e-m/fpv4-sp/hard\libg.a(lib_a-findfp.o)
                0x0800c484                __sinit_lock_release
 .text.__fp_lock_all
                0x0800c490       0x24 c:/users/tanda/onedrive/desktop/waijung18_11a/waijung_18.11a/utils/gnu_tools_arm_embedded/bin/../lib/gcc/arm-none-eabi/7.2.1/../../../../arm-none-eabi/lib/thumb/v7e-m/fpv4-sp/hard\libg.a(lib_a-findfp.o)
                0x0800c490                __fp_lock_all
 .text.__fp_unlock_all
                0x0800c4b4       0x24 c:/users/tanda/onedrive/desktop/waijung18_11a/waijung_18.11a/utils/gnu_tools_arm_embedded/bin/../lib/gcc/arm-none-eabi/7.2.1/../../../../arm-none-eabi/lib/thumb/v7e-m/fpv4-sp/hard\libg.a(lib_a-findfp.o)
                0x0800c4b4                __fp_unlock_all
 .text          0x0800c4d8        0x0 c:/users/tanda/onedrive/desktop/waijung18_11a/waijung_18.11a/utils/gnu_tools_arm_embedded/bin/../lib/gcc/arm-none-eabi/7.2.1/../../../../arm-none-eabi/lib/thumb/v7e-m/fpv4-sp/hard\libg.a(lib_a-fwalk.o)
 .text._fwalk   0x0800c4d8       0x4c c:/users/tanda/onedrive/desktop/waijung18_11a/waijung_18.11a/utils/gnu_tools_arm_embedded/bin/../lib/gcc/arm-none-eabi/7.2.1/../../../../arm-none-eabi/lib/thumb/v7e-m/fpv4-sp/hard\libg.a(lib_a-fwalk.o)
                0x0800c4d8                _fwalk
 .text._fwalk_reent
                0x0800c524       0x54 c:/users/tanda/onedrive/desktop/waijung18_11a/waijung_18.11a/utils/gnu_tools_arm_embedded/bin/../lib/gcc/arm-none-eabi/7.2.1/../../../../arm-none-eabi/lib/thumb/v7e-m/fpv4-sp/hard\libg.a(lib_a-fwalk.o)
                0x0800c524                _fwalk_reent
 .text          0x0800c578        0x0 c:/users/tanda/onedrive/desktop/waijung18_11a/waijung_18.11a/utils/gnu_tools_arm_embedded/bin/../lib/gcc/arm-none-eabi/7.2.1/../../../../arm-none-eabi/lib/thumb/v7e-m/fpv4-sp/hard\libg.a(lib_a-gdtoa-gethex.o)
 .text.rshift   0x0800c578       0xb0 c:/users/tanda/onedrive/desktop/waijung18_11a/waijung_18.11a/utils/gnu_tools_arm_embedded/bin/../lib/gcc/arm-none-eabi/7.2.1/../../../../arm-none-eabi/lib/thumb/v7e-m/fpv4-sp/hard\libg.a(lib_a-gdtoa-gethex.o)
 .text.__gethex
                0x0800c628      0x520 c:/users/tanda/onedrive/desktop/waijung18_11a/waijung_18.11a/utils/gnu_tools_arm_embedded/bin/../lib/gcc/arm-none-eabi/7.2.1/../../../../arm-none-eabi/lib/thumb/v7e-m/fpv4-sp/hard\libg.a(lib_a-gdtoa-gethex.o)
                0x0800c628                __gethex
 .text          0x0800cb48        0x0 c:/users/tanda/onedrive/desktop/waijung18_11a/waijung_18.11a/utils/gnu_tools_arm_embedded/bin/../lib/gcc/arm-none-eabi/7.2.1/../../../../arm-none-eabi/lib/thumb/v7e-m/fpv4-sp/hard\libg.a(lib_a-gdtoa-hexnan.o)
 .text.__match  0x0800cb48       0x30 c:/users/tanda/onedrive/desktop/waijung18_11a/waijung_18.11a/utils/gnu_tools_arm_embedded/bin/../lib/gcc/arm-none-eabi/7.2.1/../../../../arm-none-eabi/lib/thumb/v7e-m/fpv4-sp/hard\libg.a(lib_a-gdtoa-hexnan.o)
                0x0800cb48                __match
 .text.__hexnan
                0x0800cb78      0x1a0 c:/users/tanda/onedrive/desktop/waijung18_11a/waijung_18.11a/utils/gnu_tools_arm_embedded/bin/../lib/gcc/arm-none-eabi/7.2.1/../../../../arm-none-eabi/lib/thumb/v7e-m/fpv4-sp/hard\libg.a(lib_a-gdtoa-hexnan.o)
                0x0800cb78                __hexnan
 .text          0x0800cd18        0x0 c:/users/tanda/onedrive/desktop/waijung18_11a/waijung_18.11a/utils/gnu_tools_arm_embedded/bin/../lib/gcc/arm-none-eabi/7.2.1/../../../../arm-none-eabi/lib/thumb/v7e-m/fpv4-sp/hard\libg.a(lib_a-lock.o)
 .text.__retarget_lock_init
                0x0800cd18        0x4 c:/users/tanda/onedrive/desktop/waijung18_11a/waijung_18.11a/utils/gnu_tools_arm_embedded/bin/../lib/gcc/arm-none-eabi/7.2.1/../../../../arm-none-eabi/lib/thumb/v7e-m/fpv4-sp/hard\libg.a(lib_a-lock.o)
                0x0800cd18                __retarget_lock_init
 .text.__retarget_lock_init_recursive
                0x0800cd1c        0x4 c:/users/tanda/onedrive/desktop/waijung18_11a/waijung_18.11a/utils/gnu_tools_arm_embedded/bin/../lib/gcc/arm-none-eabi/7.2.1/../../../../arm-none-eabi/lib/thumb/v7e-m/fpv4-sp/hard\libg.a(lib_a-lock.o)
                0x0800cd1c                __retarget_lock_init_recursive
 .text.__retarget_lock_close
                0x0800cd20        0x4 c:/users/tanda/onedrive/desktop/waijung18_11a/waijung_18.11a/utils/gnu_tools_arm_embedded/bin/../lib/gcc/arm-none-eabi/7.2.1/../../../../arm-none-eabi/lib/thumb/v7e-m/fpv4-sp/hard\libg.a(lib_a-lock.o)
                0x0800cd20                __retarget_lock_close
 .text.__retarget_lock_close_recursive
                0x0800cd24        0x4 c:/users/tanda/onedrive/desktop/waijung18_11a/waijung_18.11a/utils/gnu_tools_arm_embedded/bin/../lib/gcc/arm-none-eabi/7.2.1/../../../../arm-none-eabi/lib/thumb/v7e-m/fpv4-sp/hard\libg.a(lib_a-lock.o)
                0x0800cd24                __retarget_lock_close_recursive
 .text.__retarget_lock_acquire
                0x0800cd28        0x4 c:/users/tanda/onedrive/desktop/waijung18_11a/waijung_18.11a/utils/gnu_tools_arm_embedded/bin/../lib/gcc/arm-none-eabi/7.2.1/../../../../arm-none-eabi/lib/thumb/v7e-m/fpv4-sp/hard\libg.a(lib_a-lock.o)
                0x0800cd28                __retarget_lock_acquire
 .text.__retarget_lock_acquire_recursive
                0x0800cd2c        0x4 c:/users/tanda/onedrive/desktop/waijung18_11a/waijung_18.11a/utils/gnu_tools_arm_embedded/bin/../lib/gcc/arm-none-eabi/7.2.1/../../../../arm-none-eabi/lib/thumb/v7e-m/fpv4-sp/hard\libg.a(lib_a-lock.o)
                0x0800cd2c                __retarget_lock_acquire_recursive
 .text.__retarget_lock_try_acquire
                0x0800cd30        0x4 c:/users/tanda/onedrive/desktop/waijung18_11a/waijung_18.11a/utils/gnu_tools_arm_embedded/bin/../lib/gcc/arm-none-eabi/7.2.1/../../../../arm-none-eabi/lib/thumb/v7e-m/fpv4-sp/hard\libg.a(lib_a-lock.o)
                0x0800cd30                __retarget_lock_try_acquire
 .text.__retarget_lock_try_acquire_recursive
                0x0800cd34        0x4 c:/users/tanda/onedrive/desktop/waijung18_11a/waijung_18.11a/utils/gnu_tools_arm_embedded/bin/../lib/gcc/arm-none-eabi/7.2.1/../../../../arm-none-eabi/lib/thumb/v7e-m/fpv4-sp/hard\libg.a(lib_a-lock.o)
                0x0800cd34                __retarget_lock_try_acquire_recursive
 .text.__retarget_lock_release
                0x0800cd38        0x4 c:/users/tanda/onedrive/desktop/waijung18_11a/waijung_18.11a/utils/gnu_tools_arm_embedded/bin/../lib/gcc/arm-none-eabi/7.2.1/../../../../arm-none-eabi/lib/thumb/v7e-m/fpv4-sp/hard\libg.a(lib_a-lock.o)
                0x0800cd38                __retarget_lock_release
 .text.__retarget_lock_release_recursive
                0x0800cd3c        0x4 c:/users/tanda/onedrive/desktop/waijung18_11a/waijung_18.11a/utils/gnu_tools_arm_embedded/bin/../lib/gcc/arm-none-eabi/7.2.1/../../../../arm-none-eabi/lib/thumb/v7e-m/fpv4-sp/hard\libg.a(lib_a-lock.o)
                0x0800cd3c                __retarget_lock_release_recursive
 .text          0x0800cd40        0x0 c:/users/tanda/onedrive/desktop/waijung18_11a/waijung_18.11a/utils/gnu_tools_arm_embedded/bin/../lib/gcc/arm-none-eabi/7.2.1/../../../../arm-none-eabi/lib/thumb/v7e-m/fpv4-sp/hard\libg.a(lib_a-memmove.o)
 .text.memmove  0x0800cd40       0xc8 c:/users/tanda/onedrive/desktop/waijung18_11a/waijung_18.11a/utils/gnu_tools_arm_embedded/bin/../lib/gcc/arm-none-eabi/7.2.1/../../../../arm-none-eabi/lib/thumb/v7e-m/fpv4-sp/hard\libg.a(lib_a-memmove.o)
                0x0800cd40                memmove
 .text          0x0800ce08        0x0 c:/users/tanda/onedrive/desktop/waijung18_11a/waijung_18.11a/utils/gnu_tools_arm_embedded/bin/../lib/gcc/arm-none-eabi/7.2.1/../../../../arm-none-eabi/lib/thumb/v7e-m/fpv4-sp/hard\libg.a(lib_a-reallocr.o)
 .text._realloc_r
                0x0800ce08      0x35c c:/users/tanda/onedrive/desktop/waijung18_11a/waijung_18.11a/utils/gnu_tools_arm_embedded/bin/../lib/gcc/arm-none-eabi/7.2.1/../../../../arm-none-eabi/lib/thumb/v7e-m/fpv4-sp/hard\libg.a(lib_a-reallocr.o)
                0x0800ce08                _realloc_r
 .text          0x0800d164        0x0 c:/users/tanda/onedrive/desktop/waijung18_11a/waijung_18.11a/utils/gnu_tools_arm_embedded/bin/../lib/gcc/arm-none-eabi/7.2.1/../../../../arm-none-eabi/lib/thumb/v7e-m/fpv4-sp/hard\libg.a(lib_a-fclose.o)
 .text._fclose_r
                0x0800d164       0xd0 c:/users/tanda/onedrive/desktop/waijung18_11a/waijung_18.11a/utils/gnu_tools_arm_embedded/bin/../lib/gcc/arm-none-eabi/7.2.1/../../../../arm-none-eabi/lib/thumb/v7e-m/fpv4-sp/hard\libg.a(lib_a-fclose.o)
                0x0800d164                _fclose_r
 .text.fclose   0x0800d234       0x10 c:/users/tanda/onedrive/desktop/waijung18_11a/waijung_18.11a/utils/gnu_tools_arm_embedded/bin/../lib/gcc/arm-none-eabi/7.2.1/../../../../arm-none-eabi/lib/thumb/v7e-m/fpv4-sp/hard\libg.a(lib_a-fclose.o)
                0x0800d234                fclose
 .text          0x0800d244       0x2c c:/users/tanda/onedrive/desktop/waijung18_11a/waijung_18.11a/utils/gnu_tools_arm_embedded/bin/../lib/gcc/arm-none-eabi/7.2.1/thumb/v7e-m/fpv4-sp/hard\libgcc.a(_arm_unorddf2.o)
                0x0800d244                __unorddf2
                0x0800d244                __aeabi_dcmpun
 .text          0x0800d270       0x50 c:/users/tanda/onedrive/desktop/waijung18_11a/waijung_18.11a/utils/gnu_tools_arm_embedded/bin/../lib/gcc/arm-none-eabi/7.2.1/thumb/v7e-m/fpv4-sp/hard\libgcc.a(_arm_fixdfsi.o)
                0x0800d270                __aeabi_d2iz
                0x0800d270                __fixdfsi
 .text          0x0800d2c0       0x30 c:/users/tanda/onedrive/desktop/waijung18_11a/waijung_18.11a/utils/gnu_tools_arm_embedded/bin/../lib/gcc/arm-none-eabi/7.2.1/thumb/v7e-m/fpv4-sp/hard\libgcc.a(_aeabi_uldivmod.o)
                0x0800d2c0                __aeabi_uldivmod
 .text          0x0800d2f0      0x2cc c:/users/tanda/onedrive/desktop/waijung18_11a/waijung_18.11a/utils/gnu_tools_arm_embedded/bin/../lib/gcc/arm-none-eabi/7.2.1/thumb/v7e-m/fpv4-sp/hard\libgcc.a(_udivmoddi4.o)
                0x0800d2f0                __udivmoddi4
 .text          0x0800d5bc        0x4 c:/users/tanda/onedrive/desktop/waijung18_11a/waijung_18.11a/utils/gnu_tools_arm_embedded/bin/../lib/gcc/arm-none-eabi/7.2.1/thumb/v7e-m/fpv4-sp/hard\libgcc.a(_dvmd_tls.o)
                0x0800d5bc                __aeabi_idiv0
                0x0800d5bc                __aeabi_ldiv0
 *(.init)
 *(.fini)
 *crtbegin.o(.ctors)
 *crtbegin?.o(.ctors)
 *(EXCLUDE_FILE(*crtend.o *crtend?.o) .ctors)
 *(SORT_BY_NAME(.ctors.*))
 *(.ctors)
 *crtbegin.o(.dtors)
 *crtbegin?.o(.dtors)
 *(EXCLUDE_FILE(*crtend.o *crtend?.o) .dtors)
 *(SORT_BY_NAME(.dtors.*))
 *(.dtors)
 *(.rodata*)
 .rodata        0x0800d5c0       0x10 CodeMATLAB_data.o
                0x0800d5c0                CodeMATLAB_ConstB
 .rodata        0x0800d5d0        0x4 CodeMATLAB.o
                0x0800d5d0                CodeMATLAB_M
 .rodata.str1.4
                0x0800d5d4        0xd CodeMATLAB.o
 .rodata.str1.4
                0x0800d5e1        0xd waijung_hwdrvlib.o
 *fill*         0x0800d5e1        0x3 
 .rodata._svfprintf_r.str1.4
                0x0800d5e4       0x42 c:/users/tanda/onedrive/desktop/waijung18_11a/waijung_18.11a/utils/gnu_tools_arm_embedded/bin/../lib/gcc/arm-none-eabi/7.2.1/../../../../arm-none-eabi/lib/thumb/v7e-m/fpv4-sp/hard\libg.a(lib_a-svfprintf.o)
 *fill*         0x0800d626        0x2 
 .rodata.blanks.8551
                0x0800d628       0x10 c:/users/tanda/onedrive/desktop/waijung18_11a/waijung_18.11a/utils/gnu_tools_arm_embedded/bin/../lib/gcc/arm-none-eabi/7.2.1/../../../../arm-none-eabi/lib/thumb/v7e-m/fpv4-sp/hard\libg.a(lib_a-svfprintf.o)
 .rodata.zeroes.8552
                0x0800d638       0x10 c:/users/tanda/onedrive/desktop/waijung18_11a/waijung_18.11a/utils/gnu_tools_arm_embedded/bin/../lib/gcc/arm-none-eabi/7.2.1/../../../../arm-none-eabi/lib/thumb/v7e-m/fpv4-sp/hard\libg.a(lib_a-svfprintf.o)
 .rodata.__ssvfscanf_r.str1.4
                0x0800d648        0x5 c:/users/tanda/onedrive/desktop/waijung18_11a/waijung_18.11a/utils/gnu_tools_arm_embedded/bin/../lib/gcc/arm-none-eabi/7.2.1/../../../../arm-none-eabi/lib/thumb/v7e-m/fpv4-sp/hard\libg.a(lib_a-svfscanf.o)
 *fill*         0x0800d64d        0x3 
 .rodata.basefix.8622
                0x0800d650       0x22 c:/users/tanda/onedrive/desktop/waijung18_11a/waijung_18.11a/utils/gnu_tools_arm_embedded/bin/../lib/gcc/arm-none-eabi/7.2.1/../../../../arm-none-eabi/lib/thumb/v7e-m/fpv4-sp/hard\libg.a(lib_a-svfscanf.o)
 *fill*         0x0800d672        0x2 
 .rodata._dtoa_r.str1.4
                0x0800d674       0x10 c:/users/tanda/onedrive/desktop/waijung18_11a/waijung_18.11a/utils/gnu_tools_arm_embedded/bin/../lib/gcc/arm-none-eabi/7.2.1/../../../../arm-none-eabi/lib/thumb/v7e-m/fpv4-sp/hard\libg.a(lib_a-dtoa.o)
                                 0x12 (size before relaxing)
 .rodata._global_impure_ptr
                0x0800d684        0x4 c:/users/tanda/onedrive/desktop/waijung18_11a/waijung_18.11a/utils/gnu_tools_arm_embedded/bin/../lib/gcc/arm-none-eabi/7.2.1/../../../../arm-none-eabi/lib/thumb/v7e-m/fpv4-sp/hard\libg.a(lib_a-impure.o)
                0x0800d684                _global_impure_ptr
 .rodata._setlocale_r.str1.4
                0x0800d688        0xa c:/users/tanda/onedrive/desktop/waijung18_11a/waijung_18.11a/utils/gnu_tools_arm_embedded/bin/../lib/gcc/arm-none-eabi/7.2.1/../../../../arm-none-eabi/lib/thumb/v7e-m/fpv4-sp/hard\libg.a(lib_a-locale.o)
                                  0xd (size before relaxing)
 *fill*         0x0800d692        0x2 
 .rodata.str1.4
                0x0800d694        0x2 c:/users/tanda/onedrive/desktop/waijung18_11a/waijung_18.11a/utils/gnu_tools_arm_embedded/bin/../lib/gcc/arm-none-eabi/7.2.1/../../../../arm-none-eabi/lib/thumb/v7e-m/fpv4-sp/hard\libg.a(lib_a-locale.o)
 .rodata._mbrtowc_r.str1.4
                0x0800d696        0x1 c:/users/tanda/onedrive/desktop/waijung18_11a/waijung_18.11a/utils/gnu_tools_arm_embedded/bin/../lib/gcc/arm-none-eabi/7.2.1/../../../../arm-none-eabi/lib/thumb/v7e-m/fpv4-sp/hard\libg.a(lib_a-mbrtowc.o)
 *fill*         0x0800d696        0x2 
 .rodata.__mprec_bigtens
                0x0800d698       0x28 c:/users/tanda/onedrive/desktop/waijung18_11a/waijung_18.11a/utils/gnu_tools_arm_embedded/bin/../lib/gcc/arm-none-eabi/7.2.1/../../../../arm-none-eabi/lib/thumb/v7e-m/fpv4-sp/hard\libg.a(lib_a-mprec.o)
                0x0800d698                __mprec_bigtens
 .rodata.__mprec_tens
                0x0800d6c0       0xc8 c:/users/tanda/onedrive/desktop/waijung18_11a/waijung_18.11a/utils/gnu_tools_arm_embedded/bin/../lib/gcc/arm-none-eabi/7.2.1/../../../../arm-none-eabi/lib/thumb/v7e-m/fpv4-sp/hard\libg.a(lib_a-mprec.o)
                0x0800d6c0                __mprec_tens
 .rodata.__mprec_tinytens
                0x0800d788       0x28 c:/users/tanda/onedrive/desktop/waijung18_11a/waijung_18.11a/utils/gnu_tools_arm_embedded/bin/../lib/gcc/arm-none-eabi/7.2.1/../../../../arm-none-eabi/lib/thumb/v7e-m/fpv4-sp/hard\libg.a(lib_a-mprec.o)
                0x0800d788                __mprec_tinytens
 .rodata.p05.7367
                0x0800d7b0        0xc c:/users/tanda/onedrive/desktop/waijung18_11a/waijung_18.11a/utils/gnu_tools_arm_embedded/bin/../lib/gcc/arm-none-eabi/7.2.1/../../../../arm-none-eabi/lib/thumb/v7e-m/fpv4-sp/hard\libg.a(lib_a-mprec.o)
 .rodata._strtod_l.str1.4
                0x0800d7bc       0x10 c:/users/tanda/onedrive/desktop/waijung18_11a/waijung_18.11a/utils/gnu_tools_arm_embedded/bin/../lib/gcc/arm-none-eabi/7.2.1/../../../../arm-none-eabi/lib/thumb/v7e-m/fpv4-sp/hard\libg.a(lib_a-strtod.o)
                                  0xf (size before relaxing)
 .rodata.fpi.7443
                0x0800d7cc       0x14 c:/users/tanda/onedrive/desktop/waijung18_11a/waijung_18.11a/utils/gnu_tools_arm_embedded/bin/../lib/gcc/arm-none-eabi/7.2.1/../../../../arm-none-eabi/lib/thumb/v7e-m/fpv4-sp/hard\libg.a(lib_a-strtod.o)
 .rodata.fpinan.7479
                0x0800d7e0       0x14 c:/users/tanda/onedrive/desktop/waijung18_11a/waijung_18.11a/utils/gnu_tools_arm_embedded/bin/../lib/gcc/arm-none-eabi/7.2.1/../../../../arm-none-eabi/lib/thumb/v7e-m/fpv4-sp/hard\libg.a(lib_a-strtod.o)
 *fill*         0x0800d7f4        0x4 
 .rodata.tinytens
                0x0800d7f8       0x28 c:/users/tanda/onedrive/desktop/waijung18_11a/waijung_18.11a/utils/gnu_tools_arm_embedded/bin/../lib/gcc/arm-none-eabi/7.2.1/../../../../arm-none-eabi/lib/thumb/v7e-m/fpv4-sp/hard\libg.a(lib_a-strtod.o)
 .rodata._svfiprintf_r.str1.4
                0x0800d820       0x2f c:/users/tanda/onedrive/desktop/waijung18_11a/waijung_18.11a/utils/gnu_tools_arm_embedded/bin/../lib/gcc/arm-none-eabi/7.2.1/../../../../arm-none-eabi/lib/thumb/v7e-m/fpv4-sp/hard\libg.a(lib_a-svfiprintf.o)
 .rodata.blanks.8531
                0x0800d820       0x10 c:/users/tanda/onedrive/desktop/waijung18_11a/waijung_18.11a/utils/gnu_tools_arm_embedded/bin/../lib/gcc/arm-none-eabi/7.2.1/../../../../arm-none-eabi/lib/thumb/v7e-m/fpv4-sp/hard\libg.a(lib_a-svfiprintf.o)
 .rodata.zeroes.8532
                0x0800d830       0x10 c:/users/tanda/onedrive/desktop/waijung18_11a/waijung_18.11a/utils/gnu_tools_arm_embedded/bin/../lib/gcc/arm-none-eabi/7.2.1/../../../../arm-none-eabi/lib/thumb/v7e-m/fpv4-sp/hard\libg.a(lib_a-svfiprintf.o)
 .rodata.basefix.8124
                0x0800d840       0x22 c:/users/tanda/onedrive/desktop/waijung18_11a/waijung_18.11a/utils/gnu_tools_arm_embedded/bin/../lib/gcc/arm-none-eabi/7.2.1/../../../../arm-none-eabi/lib/thumb/v7e-m/fpv4-sp/hard\libg.a(lib_a-svfiscanf.o)
 *fill*         0x0800d862        0x2 
 .rodata._ctype_
                0x0800d864      0x101 c:/users/tanda/onedrive/desktop/waijung18_11a/waijung_18.11a/utils/gnu_tools_arm_embedded/bin/../lib/gcc/arm-none-eabi/7.2.1/../../../../arm-none-eabi/lib/thumb/v7e-m/fpv4-sp/hard\libg.a(lib_a-ctype_.o)
                0x0800d864                _ctype_
 *fill*         0x0800d965        0x3 
 .rodata.__hexdig
                0x0800d968      0x100 c:/users/tanda/onedrive/desktop/waijung18_11a/waijung_18.11a/utils/gnu_tools_arm_embedded/bin/../lib/gcc/arm-none-eabi/7.2.1/../../../../arm-none-eabi/lib/thumb/v7e-m/fpv4-sp/hard\libg.a(lib_a-gdtoa-gethex.o)
                0x0800d968                __hexdig
 *(.eh_frame*)

.glue_7         0x0800da68        0x0
 .glue_7        0x0800da68        0x0 linker stubs

.glue_7t        0x0800da68        0x0
 .glue_7t       0x0800da68        0x0 linker stubs

.vfp11_veneer   0x0800da68        0x0
 .vfp11_veneer  0x0800da68        0x0 linker stubs

.v4_bx          0x0800da68        0x0
 .v4_bx         0x0800da68        0x0 linker stubs

.iplt           0x0800da68        0x0
 .iplt          0x0800da68        0x0 startup_stm32f4xx.o

.ARM.extab      0x0800da68        0x0
 *(.ARM.extab* .gnu.linkonce.armextab.*)
 .ARM.extab     0x0800da68        0x0 c:/users/tanda/onedrive/desktop/waijung18_11a/waijung_18.11a/utils/gnu_tools_arm_embedded/bin/../lib/gcc/arm-none-eabi/7.2.1/thumb/v7e-m/fpv4-sp/hard\libgcc.a(_udivmoddi4.o)
                0x0800da68                __exidx_start = .

.ARM.exidx      0x0800da68        0x8
 *(.ARM.exidx* .gnu.linkonce.armexidx.*)
 .ARM.exidx     0x0800da68        0x8 c:/users/tanda/onedrive/desktop/waijung18_11a/waijung_18.11a/utils/gnu_tools_arm_embedded/bin/../lib/gcc/arm-none-eabi/7.2.1/thumb/v7e-m/fpv4-sp/hard\libgcc.a(_udivmoddi4.o)
                0x0800da70                __exidx_end = .
                0x0800da70                __etext = .

.rel.dyn        0x0800da70        0x0
 .rel.iplt      0x0800da70        0x0 startup_stm32f4xx.o

.data           0x20000000      0x9d4 load address 0x0800da70
                0x20000000                __data_start__ = .
 *(vtable)
 *(.data*)
 .data          0x20000000        0x0 startup_stm32f4xx.o
 .data          0x20000000        0x0 stm32f4xx_syscfg.o
 .data          0x20000000        0x0 stm32f4xx_it.o
 .data          0x20000000        0x0 CodeMATLAB_data.o
 .data          0x20000000        0x0 stm32f4xx_pwr.o
 .data          0x20000000       0x10 stm32f4xx_rcc.o
 .data          0x20000010        0x0 stm32f4xx_usart.o
 .data          0x20000010        0x0 CodeMATLAB.o
 .data          0x20000010        0x4 syscalls.o
                0x20000010                environ
 .data          0x20000014        0x4 main.o
                0x20000014                systick_count
 .data          0x20000018        0x0 waijung_hwdrvlib.o
 .data          0x20000018        0x0 misc.o
 .data          0x20000018        0x0 stm32f4xx_dma.o
 .data          0x20000018        0x0 stm32f4xx_tim.o